Info    : Running 'C:\Users\luis_\Codigo\Darts_new\Darts_enviro_new\Scripts\gmsh.bat\..\gmsh meshes\output_mergefac_0.86_clean_lc_50.geo -o meshes\output_mergefac_0.86_clean_lc_50.msh -save' [Gmsh 4.13.0, 1 node, max. 1 thread]
Info    : Started on Thu Oct 09 06:46:08 2025
Info    : Reading 'meshes\output_mergefac_0.86_clean_lc_50.geo'...
Info    : Meshing 1D...
Info    : [  0%] Meshing curve 1 (Line)
Info    : [ 10%] Meshing curve 2 (Line)
Info    : [ 10%] Meshing curve 3 (Line)
Info    : [ 10%] Meshing curve 4 (Line)
Info    : [ 10%] Meshing curve 5 (Line)
Info    : [ 10%] Meshing curve 6 (Line)
Info    : [ 10%] Meshing curve 7 (Line)
Info    : [ 10%] Meshing curve 8 (Line)
Info    : [ 10%] Meshing curve 9 (Line)
Info    : [ 10%] Meshing curve 10 (Line)
Info    : [ 10%] Meshing curve 11 (Line)
Info    : [ 10%] Meshing curve 12 (Line)
Info    : [ 10%] Meshing curve 13 (Line)
Info    : [ 10%] Meshing curve 14 (Line)
Info    : [ 10%] Meshing curve 15 (Line)
Info    : [ 10%] Meshing curve 16 (Line)
Info    : [ 10%] Meshing curve 17 (Line)
Info    : [ 10%] Meshing curve 18 (Line)
Info    : [ 10%] Meshing curve 19 (Line)
Info    : [ 10%] Meshing curve 20 (Line)
Info    : [ 10%] Meshing curve 21 (Line)
Info    : [ 10%] Meshing curve 22 (Line)
Info    : [ 10%] Meshing curve 23 (Line)
Info    : [ 10%] Meshing curve 24 (Line)
Info    : [ 10%] Meshing curve 25 (Line)
Info    : [ 10%] Meshing curve 26 (Line)
Info    : [ 10%] Meshing curve 27 (Line)
Info    : [ 10%] Meshing curve 28 (Line)
Info    : [ 10%] Meshing curve 29 (Line)
Info    : [ 10%] Meshing curve 30 (Line)
Info    : [ 10%] Meshing curve 31 (Line)
Info    : [ 10%] Meshing curve 32 (Line)
Info    : [ 10%] Meshing curve 33 (Line)
Info    : [ 10%] Meshing curve 34 (Line)
Info    : [ 10%] Meshing curve 35 (Line)
Info    : [ 10%] Meshing curve 36 (Line)
Info    : [ 10%] Meshing curve 37 (Line)
Info    : [ 10%] Meshing curve 38 (Line)
Info    : [ 10%] Meshing curve 39 (Line)
Info    : [ 10%] Meshing curve 40 (Line)
Info    : [ 10%] Meshing curve 41 (Line)
Info    : [ 10%] Meshing curve 42 (Line)
Info    : [ 10%] Meshing curve 43 (Line)
Info    : [ 10%] Meshing curve 44 (Line)
Info    : [ 10%] Meshing curve 45 (Line)
Info    : [ 10%] Meshing curve 46 (Line)
Info    : [ 10%] Meshing curve 47 (Line)
Info    : [ 10%] Meshing curve 48 (Line)
Info    : [ 10%] Meshing curve 49 (Line)
Info    : [ 10%] Meshing curve 50 (Line)
Info    : [ 10%] Meshing curve 51 (Line)
Info    : [ 10%] Meshing curve 52 (Line)
Info    : [ 10%] Meshing curve 53 (Line)
Info    : [ 10%] Meshing curve 54 (Line)
Info    : [ 10%] Meshing curve 55 (Line)
Info    : [ 10%] Meshing curve 56 (Line)
Info    : [ 10%] Meshing curve 57 (Line)
Info    : [ 10%] Meshing curve 58 (Line)
Info    : [ 10%] Meshing curve 59 (Line)
Info    : [ 10%] Meshing curve 60 (Line)
Info    : [ 10%] Meshing curve 61 (Line)
Info    : [ 10%] Meshing curve 62 (Line)
Info    : [ 10%] Meshing curve 63 (Line)
Info    : [ 10%] Meshing curve 64 (Line)
Info    : [ 10%] Meshing curve 65 (Line)
Info    : [ 10%] Meshing curve 66 (Line)
Info    : [ 10%] Meshing curve 67 (Line)
Info    : [ 10%] Meshing curve 68 (Line)
Info    : [ 10%] Meshing curve 69 (Line)
Info    : [ 10%] Meshing curve 70 (Line)
Info    : [ 10%] Meshing curve 71 (Line)
Info    : [ 10%] Meshing curve 72 (Line)
Info    : [ 10%] Meshing curve 73 (Line)
Info    : [ 10%] Meshing curve 74 (Line)
Info    : [ 10%] Meshing curve 75 (Line)
Info    : [ 10%] Meshing curve 76 (Line)
Info    : [ 10%] Meshing curve 77 (Line)
Info    : [ 10%] Meshing curve 78 (Line)
Info    : [ 10%] Meshing curve 79 (Line)
Info    : [ 10%] Meshing curve 80 (Line)
Info    : [ 10%] Meshing curve 81 (Line)
Info    : [ 10%] Meshing curve 82 (Line)
Info    : [ 10%] Meshing curve 83 (Line)
Info    : [ 10%] Meshing curve 84 (Line)
Info    : [ 10%] Meshing curve 85 (Line)
Info    : [ 10%] Meshing curve 86 (Line)
Info    : [ 10%] Meshing curve 87 (Line)
Info    : [ 10%] Meshing curve 88 (Line)
Info    : [ 10%] Meshing curve 89 (Line)
Info    : [ 10%] Meshing curve 90 (Line)
Info    : [ 10%] Meshing curve 91 (Line)
Info    : [ 10%] Meshing curve 92 (Line)
Info    : [ 10%] Meshing curve 93 (Line)
Info    : [ 10%] Meshing curve 94 (Line)
Info    : [ 10%] Meshing curve 95 (Line)
Info    : [ 10%] Meshing curve 96 (Line)
Info    : [ 10%] Meshing curve 97 (Line)
Info    : [ 10%] Meshing curve 98 (Line)
Info    : [ 10%] Meshing curve 99 (Line)
Info    : [ 10%] Meshing curve 100 (Line)
Info    : [ 10%] Meshing curve 101 (Line)
Info    : [ 10%] Meshing curve 102 (Line)
Info    : [ 10%] Meshing curve 103 (Line)
Info    : [ 10%] Meshing curve 104 (Line)
Info    : [ 10%] Meshing curve 105 (Line)
Info    : [ 10%] Meshing curve 106 (Line)
Info    : [ 10%] Meshing curve 107 (Line)
Info    : [ 10%] Meshing curve 108 (Line)
Info    : [ 10%] Meshing curve 109 (Line)
Info    : [ 10%] Meshing curve 110 (Line)
Info    : [ 10%] Meshing curve 111 (Line)
Info    : [ 10%] Meshing curve 112 (Line)
Info    : [ 10%] Meshing curve 113 (Line)
Info    : [ 10%] Meshing curve 114 (Line)
Info    : [ 10%] Meshing curve 115 (Line)
Info    : [ 10%] Meshing curve 116 (Line)
Info    : [ 10%] Meshing curve 117 (Line)
Info    : [ 10%] Meshing curve 118 (Line)
Info    : [ 10%] Meshing curve 119 (Line)
Info    : [ 10%] Meshing curve 120 (Line)
Info    : [ 10%] Meshing curve 121 (Line)
Info    : [ 10%] Meshing curve 122 (Line)
Info    : [ 10%] Meshing curve 123 (Line)
Info    : [ 10%] Meshing curve 124 (Line)
Info    : [ 10%] Meshing curve 125 (Line)
Info    : [ 10%] Meshing curve 126 (Line)
Info    : [ 10%] Meshing curve 127 (Line)
Info    : [ 10%] Meshing curve 128 (Line)
Info    : [ 10%] Meshing curve 129 (Line)
Info    : [ 10%] Meshing curve 130 (Line)
Info    : [ 10%] Meshing curve 131 (Line)
Info    : [ 20%] Meshing curve 132 (Line)
Info    : [ 20%] Meshing curve 133 (Line)
Info    : [ 20%] Meshing curve 134 (Line)
Info    : [ 20%] Meshing curve 135 (Line)
Info    : [ 20%] Meshing curve 136 (Line)
Info    : [ 20%] Meshing curve 137 (Line)
Info    : [ 20%] Meshing curve 138 (Line)
Info    : [ 20%] Meshing curve 139 (Line)
Info    : [ 20%] Meshing curve 140 (Line)
Info    : [ 20%] Meshing curve 141 (Line)
Info    : [ 20%] Meshing curve 142 (Line)
Info    : [ 20%] Meshing curve 143 (Line)
Info    : [ 20%] Meshing curve 144 (Line)
Info    : [ 20%] Meshing curve 145 (Line)
Info    : [ 20%] Meshing curve 146 (Line)
Info    : [ 20%] Meshing curve 147 (Line)
Info    : [ 20%] Meshing curve 148 (Line)
Info    : [ 20%] Meshing curve 149 (Line)
Info    : [ 20%] Meshing curve 150 (Line)
Info    : [ 20%] Meshing curve 151 (Line)
Info    : [ 20%] Meshing curve 152 (Line)
Info    : [ 20%] Meshing curve 153 (Line)
Info    : [ 20%] Meshing curve 154 (Line)
Info    : [ 20%] Meshing curve 155 (Line)
Info    : [ 20%] Meshing curve 156 (Line)
Info    : [ 20%] Meshing curve 157 (Line)
Info    : [ 20%] Meshing curve 158 (Line)
Info    : [ 20%] Meshing curve 159 (Line)
Info    : [ 20%] Meshing curve 160 (Line)
Info    : [ 20%] Meshing curve 161 (Line)
Info    : [ 20%] Meshing curve 162 (Line)
Info    : [ 20%] Meshing curve 163 (Line)
Info    : [ 20%] Meshing curve 164 (Line)
Info    : [ 20%] Meshing curve 165 (Line)
Info    : [ 20%] Meshing curve 166 (Line)
Info    : [ 20%] Meshing curve 167 (Line)
Info    : [ 20%] Meshing curve 168 (Line)
Info    : [ 20%] Meshing curve 169 (Line)
Info    : [ 20%] Meshing curve 170 (Line)
Info    : [ 20%] Meshing curve 171 (Line)
Info    : [ 20%] Meshing curve 172 (Line)
Info    : [ 20%] Meshing curve 173 (Line)
Info    : [ 20%] Meshing curve 174 (Line)
Info    : [ 20%] Meshing curve 175 (Line)
Info    : [ 20%] Meshing curve 176 (Line)
Info    : [ 20%] Meshing curve 177 (Line)
Info    : [ 20%] Meshing curve 178 (Line)
Info    : [ 20%] Meshing curve 179 (Line)
Info    : [ 20%] Meshing curve 180 (Line)
Info    : [ 20%] Meshing curve 181 (Line)
Info    : [ 20%] Meshing curve 182 (Line)
Info    : [ 20%] Meshing curve 183 (Line)
Info    : [ 20%] Meshing curve 184 (Line)
Info    : [ 20%] Meshing curve 185 (Line)
Info    : [ 20%] Meshing curve 186 (Line)
Info    : [ 20%] Meshing curve 187 (Line)
Info    : [ 20%] Meshing curve 188 (Line)
Info    : [ 20%] Meshing curve 189 (Line)
Info    : [ 20%] Meshing curve 190 (Line)
Info    : [ 20%] Meshing curve 191 (Line)
Info    : [ 20%] Meshing curve 192 (Line)
Info    : [ 20%] Meshing curve 193 (Line)
Info    : [ 20%] Meshing curve 194 (Line)
Info    : [ 20%] Meshing curve 195 (Line)
Info    : [ 20%] Meshing curve 196 (Line)
Info    : [ 20%] Meshing curve 197 (Line)
Info    : [ 20%] Meshing curve 198 (Line)
Info    : [ 20%] Meshing curve 199 (Line)
Info    : [ 20%] Meshing curve 200 (Line)
Info    : [ 20%] Meshing curve 201 (Line)
Info    : [ 20%] Meshing curve 202 (Line)
Info    : [ 20%] Meshing curve 203 (Line)
Info    : [ 20%] Meshing curve 204 (Line)
Info    : [ 20%] Meshing curve 205 (Line)
Info    : [ 20%] Meshing curve 206 (Line)
Info    : [ 20%] Meshing curve 207 (Line)
Info    : [ 20%] Meshing curve 208 (Line)
Info    : [ 20%] Meshing curve 209 (Line)
Info    : [ 20%] Meshing curve 210 (Line)
Info    : [ 20%] Meshing curve 211 (Line)
Info    : [ 20%] Meshing curve 212 (Line)
Info    : [ 20%] Meshing curve 213 (Line)
Info    : [ 20%] Meshing curve 214 (Line)
Info    : [ 20%] Meshing curve 215 (Line)
Info    : [ 20%] Meshing curve 216 (Line)
Info    : [ 20%] Meshing curve 217 (Line)
Info    : [ 20%] Meshing curve 218 (Line)
Info    : [ 20%] Meshing curve 219 (Line)
Info    : [ 20%] Meshing curve 220 (Line)
Info    : [ 20%] Meshing curve 221 (Line)
Info    : [ 20%] Meshing curve 222 (Line)
Info    : [ 20%] Meshing curve 223 (Line)
Info    : [ 20%] Meshing curve 224 (Line)
Info    : [ 20%] Meshing curve 225 (Line)
Info    : [ 20%] Meshing curve 226 (Line)
Info    : [ 20%] Meshing curve 227 (Line)
Info    : [ 20%] Meshing curve 228 (Line)
Info    : [ 20%] Meshing curve 229 (Line)
Info    : [ 20%] Meshing curve 230 (Line)
Info    : [ 20%] Meshing curve 231 (Line)
Info    : [ 20%] Meshing curve 232 (Line)
Info    : [ 20%] Meshing curve 233 (Line)
Info    : [ 20%] Meshing curve 234 (Line)
Info    : [ 20%] Meshing curve 235 (Line)
Info    : [ 20%] Meshing curve 236 (Line)
Info    : [ 20%] Meshing curve 237 (Line)
Info    : [ 20%] Meshing curve 238 (Line)
Info    : [ 20%] Meshing curve 239 (Line)
Info    : [ 20%] Meshing curve 240 (Line)
Info    : [ 20%] Meshing curve 241 (Line)
Info    : [ 20%] Meshing curve 242 (Line)
Info    : [ 20%] Meshing curve 243 (Line)
Info    : [ 20%] Meshing curve 244 (Line)
Info    : [ 20%] Meshing curve 245 (Line)
Info    : [ 20%] Meshing curve 246 (Line)
Info    : [ 20%] Meshing curve 247 (Line)
Info    : [ 20%] Meshing curve 248 (Line)
Info    : [ 20%] Meshing curve 249 (Line)
Info    : [ 20%] Meshing curve 250 (Line)
Info    : [ 20%] Meshing curve 251 (Line)
Info    : [ 20%] Meshing curve 252 (Line)
Info    : [ 20%] Meshing curve 253 (Line)
Info    : [ 20%] Meshing curve 254 (Line)
Info    : [ 20%] Meshing curve 255 (Line)
Info    : [ 20%] Meshing curve 256 (Line)
Info    : [ 20%] Meshing curve 257 (Line)
Info    : [ 20%] Meshing curve 258 (Line)
Info    : [ 20%] Meshing curve 259 (Line)
Info    : [ 20%] Meshing curve 260 (Line)
Info    : [ 20%] Meshing curve 261 (Line)
Info    : [ 20%] Meshing curve 262 (Line)
Info    : [ 30%] Meshing curve 263 (Line)
Info    : [ 30%] Meshing curve 264 (Line)
Info    : [ 30%] Meshing curve 265 (Line)
Info    : [ 30%] Meshing curve 266 (Line)
Info    : [ 30%] Meshing curve 267 (Line)
Info    : [ 30%] Meshing curve 268 (Line)
Info    : [ 30%] Meshing curve 269 (Line)
Info    : [ 30%] Meshing curve 270 (Line)
Info    : [ 30%] Meshing curve 271 (Line)
Info    : [ 30%] Meshing curve 272 (Line)
Info    : [ 30%] Meshing curve 273 (Line)
Info    : [ 30%] Meshing curve 274 (Line)
Info    : [ 30%] Meshing curve 275 (Line)
Info    : [ 30%] Meshing curve 276 (Line)
Info    : [ 30%] Meshing curve 277 (Line)
Info    : [ 30%] Meshing curve 278 (Line)
Info    : [ 30%] Meshing curve 279 (Line)
Info    : [ 30%] Meshing curve 280 (Line)
Info    : [ 30%] Meshing curve 281 (Line)
Info    : [ 30%] Meshing curve 282 (Line)
Info    : [ 30%] Meshing curve 283 (Line)
Info    : [ 30%] Meshing curve 284 (Line)
Info    : [ 30%] Meshing curve 285 (Line)
Info    : [ 30%] Meshing curve 286 (Line)
Info    : [ 30%] Meshing curve 287 (Line)
Info    : [ 30%] Meshing curve 288 (Line)
Info    : [ 30%] Meshing curve 289 (Line)
Info    : [ 30%] Meshing curve 290 (Line)
Info    : [ 30%] Meshing curve 291 (Line)
Info    : [ 30%] Meshing curve 292 (Line)
Info    : [ 30%] Meshing curve 293 (Line)
Info    : [ 30%] Meshing curve 294 (Line)
Info    : [ 30%] Meshing curve 295 (Line)
Info    : [ 30%] Meshing curve 296 (Line)
Info    : [ 30%] Meshing curve 297 (Line)
Info    : [ 30%] Meshing curve 298 (Line)
Info    : [ 30%] Meshing curve 299 (Line)
Info    : [ 30%] Meshing curve 300 (Line)
Info    : [ 30%] Meshing curve 301 (Line)
Info    : [ 30%] Meshing curve 302 (Line)
Info    : [ 30%] Meshing curve 303 (Line)
Info    : [ 30%] Meshing curve 304 (Line)
Info    : [ 30%] Meshing curve 305 (Line)
Info    : [ 30%] Meshing curve 306 (Line)
Info    : [ 30%] Meshing curve 307 (Line)
Info    : [ 30%] Meshing curve 308 (Line)
Info    : [ 30%] Meshing curve 309 (Line)
Info    : [ 30%] Meshing curve 310 (Line)
Info    : [ 30%] Meshing curve 311 (Line)
Info    : [ 30%] Meshing curve 312 (Line)
Info    : [ 30%] Meshing curve 313 (Line)
Info    : [ 30%] Meshing curve 314 (Line)
Info    : [ 30%] Meshing curve 315 (Line)
Info    : [ 30%] Meshing curve 316 (Line)
Info    : [ 30%] Meshing curve 317 (Line)
Info    : [ 30%] Meshing curve 318 (Line)
Info    : [ 30%] Meshing curve 319 (Line)
Info    : [ 30%] Meshing curve 320 (Line)
Info    : [ 30%] Meshing curve 321 (Line)
Info    : [ 30%] Meshing curve 322 (Line)
Info    : [ 30%] Meshing curve 323 (Line)
Info    : [ 30%] Meshing curve 324 (Line)
Info    : [ 30%] Meshing curve 325 (Line)
Info    : [ 30%] Meshing curve 326 (Line)
Info    : [ 30%] Meshing curve 327 (Line)
Info    : [ 30%] Meshing curve 328 (Line)
Info    : [ 30%] Meshing curve 329 (Line)
Info    : [ 30%] Meshing curve 330 (Line)
Info    : [ 30%] Meshing curve 331 (Line)
Info    : [ 30%] Meshing curve 332 (Line)
Info    : [ 30%] Meshing curve 333 (Line)
Info    : [ 30%] Meshing curve 334 (Line)
Info    : [ 30%] Meshing curve 335 (Line)
Info    : [ 30%] Meshing curve 336 (Line)
Info    : [ 30%] Meshing curve 337 (Line)
Info    : [ 30%] Meshing curve 338 (Line)
Info    : [ 30%] Meshing curve 339 (Line)
Info    : [ 30%] Meshing curve 340 (Line)
Info    : [ 30%] Meshing curve 341 (Line)
Info    : [ 30%] Meshing curve 342 (Line)
Info    : [ 30%] Meshing curve 343 (Line)
Info    : [ 30%] Meshing curve 344 (Line)
Info    : [ 30%] Meshing curve 345 (Line)
Info    : [ 30%] Meshing curve 346 (Line)
Info    : [ 30%] Meshing curve 347 (Line)
Info    : [ 30%] Meshing curve 348 (Line)
Info    : [ 30%] Meshing curve 349 (Line)
Info    : [ 30%] Meshing curve 350 (Line)
Info    : [ 30%] Meshing curve 351 (Line)
Info    : [ 30%] Meshing curve 352 (Line)
Info    : [ 30%] Meshing curve 353 (Line)
Info    : [ 30%] Meshing curve 354 (Line)
Info    : [ 30%] Meshing curve 355 (Line)
Info    : [ 30%] Meshing curve 356 (Line)
Info    : [ 30%] Meshing curve 357 (Line)
Info    : [ 30%] Meshing curve 358 (Line)
Info    : [ 30%] Meshing curve 359 (Line)
Info    : [ 30%] Meshing curve 360 (Line)
Info    : [ 30%] Meshing curve 361 (Line)
Info    : [ 30%] Meshing curve 362 (Line)
Info    : [ 30%] Meshing curve 363 (Line)
Info    : [ 30%] Meshing curve 364 (Line)
Info    : [ 30%] Meshing curve 365 (Line)
Info    : [ 30%] Meshing curve 366 (Line)
Info    : [ 30%] Meshing curve 367 (Line)
Info    : [ 30%] Meshing curve 368 (Line)
Info    : [ 30%] Meshing curve 369 (Line)
Info    : [ 30%] Meshing curve 370 (Line)
Info    : [ 30%] Meshing curve 371 (Line)
Info    : [ 30%] Meshing curve 372 (Line)
Info    : [ 30%] Meshing curve 373 (Line)
Info    : [ 30%] Meshing curve 374 (Line)
Info    : [ 30%] Meshing curve 375 (Line)
Info    : [ 30%] Meshing curve 376 (Line)
Info    : [ 30%] Meshing curve 377 (Line)
Info    : [ 30%] Meshing curve 378 (Line)
Info    : [ 30%] Meshing curve 379 (Line)
Info    : [ 30%] Meshing curve 380 (Line)
Info    : [ 30%] Meshing curve 381 (Line)
Info    : [ 30%] Meshing curve 382 (Line)
Info    : [ 30%] Meshing curve 383 (Line)
Info    : [ 30%] Meshing curve 384 (Line)
Info    : [ 30%] Meshing curve 385 (Line)
Info    : [ 30%] Meshing curve 386 (Line)
Info    : [ 30%] Meshing curve 387 (Line)
Info    : [ 30%] Meshing curve 388 (Line)
Info    : [ 30%] Meshing curve 389 (Line)
Info    : [ 30%] Meshing curve 390 (Line)
Info    : [ 30%] Meshing curve 391 (Line)
Info    : [ 30%] Meshing curve 392 (Line)
Info    : [ 30%] Meshing curve 393 (Line)
Info    : [ 40%] Meshing curve 394 (Line)
Info    : [ 40%] Meshing curve 395 (Line)
Info    : [ 40%] Meshing curve 396 (Line)
Info    : [ 40%] Meshing curve 397 (Line)
Info    : [ 40%] Meshing curve 398 (Line)
Info    : [ 40%] Meshing curve 399 (Line)
Info    : [ 40%] Meshing curve 400 (Line)
Info    : [ 40%] Meshing curve 401 (Line)
Info    : [ 40%] Meshing curve 402 (Line)
Info    : [ 40%] Meshing curve 403 (Line)
Info    : [ 40%] Meshing curve 404 (Line)
Info    : [ 40%] Meshing curve 405 (Line)
Info    : [ 40%] Meshing curve 406 (Line)
Info    : [ 40%] Meshing curve 407 (Line)
Info    : [ 40%] Meshing curve 408 (Line)
Info    : [ 40%] Meshing curve 409 (Line)
Info    : [ 40%] Meshing curve 410 (Line)
Info    : [ 40%] Meshing curve 411 (Line)
Info    : [ 40%] Meshing curve 412 (Line)
Info    : [ 40%] Meshing curve 413 (Line)
Info    : [ 40%] Meshing curve 414 (Line)
Info    : [ 40%] Meshing curve 415 (Line)
Info    : [ 40%] Meshing curve 416 (Line)
Info    : [ 40%] Meshing curve 417 (Line)
Info    : [ 40%] Meshing curve 418 (Line)
Info    : [ 40%] Meshing curve 419 (Line)
Info    : [ 40%] Meshing curve 420 (Line)
Info    : [ 40%] Meshing curve 421 (Line)
Info    : [ 40%] Meshing curve 422 (Line)
Info    : [ 40%] Meshing curve 423 (Line)
Info    : [ 40%] Meshing curve 424 (Line)
Info    : [ 40%] Meshing curve 425 (Line)
Info    : [ 40%] Meshing curve 426 (Line)
Info    : [ 40%] Meshing curve 427 (Line)
Info    : [ 40%] Meshing curve 428 (Line)
Info    : [ 40%] Meshing curve 429 (Line)
Info    : [ 40%] Meshing curve 430 (Line)
Info    : [ 40%] Meshing curve 431 (Line)
Info    : [ 40%] Meshing curve 432 (Line)
Info    : [ 40%] Meshing curve 433 (Line)
Info    : [ 40%] Meshing curve 434 (Line)
Info    : [ 40%] Meshing curve 435 (Line)
Info    : [ 40%] Meshing curve 436 (Line)
Info    : [ 40%] Meshing curve 437 (Line)
Info    : [ 40%] Meshing curve 438 (Line)
Info    : [ 40%] Meshing curve 439 (Line)
Info    : [ 40%] Meshing curve 440 (Line)
Info    : [ 40%] Meshing curve 441 (Line)
Info    : [ 40%] Meshing curve 442 (Line)
Info    : [ 40%] Meshing curve 443 (Line)
Info    : [ 40%] Meshing curve 444 (Line)
Info    : [ 40%] Meshing curve 445 (Line)
Info    : [ 40%] Meshing curve 446 (Line)
Info    : [ 40%] Meshing curve 447 (Line)
Info    : [ 40%] Meshing curve 448 (Line)
Info    : [ 40%] Meshing curve 449 (Line)
Info    : [ 40%] Meshing curve 450 (Line)
Info    : [ 40%] Meshing curve 451 (Line)
Info    : [ 40%] Meshing curve 452 (Line)
Info    : [ 40%] Meshing curve 453 (Line)
Info    : [ 40%] Meshing curve 454 (Line)
Info    : [ 40%] Meshing curve 455 (Line)
Info    : [ 40%] Meshing curve 456 (Line)
Info    : [ 40%] Meshing curve 457 (Line)
Info    : [ 40%] Meshing curve 458 (Line)
Info    : [ 40%] Meshing curve 459 (Line)
Info    : [ 40%] Meshing curve 460 (Line)
Info    : [ 40%] Meshing curve 461 (Line)
Info    : [ 40%] Meshing curve 462 (Line)
Info    : [ 40%] Meshing curve 463 (Line)
Info    : [ 40%] Meshing curve 464 (Line)
Info    : [ 40%] Meshing curve 466 (Extruded)
Info    : [ 40%] Meshing curve 467 (Extruded)
Info    : [ 40%] Meshing curve 468 (Extruded)
Info    : [ 40%] Meshing curve 469 (Extruded)
Info    : [ 40%] Meshing curve 471 (Extruded)
Info    : [ 40%] Meshing curve 472 (Extruded)
Info    : [ 40%] Meshing curve 476 (Extruded)
Info    : [ 40%] Meshing curve 480 (Extruded)
Info    : [ 40%] Meshing curve 487 (Extruded)
Info    : [ 40%] Meshing curve 488 (Extruded)
Info    : [ 40%] Meshing curve 489 (Extruded)
Info    : [ 40%] Meshing curve 90001 (Extruded)
Info    : [ 40%] Meshing curve 90003 (Extruded)
Info    : [ 40%] Meshing curve 90005 (Extruded)
Info    : [ 40%] Meshing curve 90007 (Extruded)
Info    : [ 40%] Meshing curve 90009 (Extruded)
Info    : [ 40%] Meshing curve 90011 (Extruded)
Info    : [ 40%] Meshing curve 90013 (Extruded)
Info    : [ 40%] Meshing curve 90015 (Extruded)
Info    : [ 40%] Meshing curve 90017 (Extruded)
Info    : [ 40%] Meshing curve 90019 (Extruded)
Info    : [ 40%] Meshing curve 90021 (Extruded)
Info    : [ 40%] Meshing curve 90023 (Extruded)
Info    : [ 40%] Meshing curve 90025 (Extruded)
Info    : [ 40%] Meshing curve 90026 (Extruded)
Info    : [ 40%] Meshing curve 90027 (Extruded)
Info    : [ 40%] Meshing curve 90029 (Extruded)
Info    : [ 40%] Meshing curve 90031 (Extruded)
Info    : [ 40%] Meshing curve 90033 (Extruded)
Info    : [ 40%] Meshing curve 90035 (Extruded)
Info    : [ 40%] Meshing curve 90037 (Extruded)
Info    : [ 40%] Meshing curve 90039 (Extruded)
Info    : [ 40%] Meshing curve 90041 (Extruded)
Info    : [ 40%] Meshing curve 90043 (Extruded)
Info    : [ 40%] Meshing curve 90045 (Extruded)
Info    : [ 40%] Meshing curve 90046 (Extruded)
Info    : [ 40%] Meshing curve 90047 (Extruded)
Info    : [ 40%] Meshing curve 90049 (Extruded)
Info    : [ 40%] Meshing curve 90051 (Extruded)
Info    : [ 40%] Meshing curve 90053 (Extruded)
Info    : [ 40%] Meshing curve 90055 (Extruded)
Info    : [ 40%] Meshing curve 90057 (Extruded)
Info    : [ 40%] Meshing curve 90059 (Extruded)
Info    : [ 40%] Meshing curve 90061 (Extruded)
Info    : [ 40%] Meshing curve 90063 (Extruded)
Info    : [ 40%] Meshing curve 90065 (Extruded)
Info    : [ 40%] Meshing curve 90066 (Extruded)
Info    : [ 40%] Meshing curve 90067 (Extruded)
Info    : [ 40%] Meshing curve 90069 (Extruded)
Info    : [ 40%] Meshing curve 90071 (Extruded)
Info    : [ 40%] Meshing curve 90073 (Extruded)
Info    : [ 40%] Meshing curve 90075 (Extruded)
Info    : [ 40%] Meshing curve 90077 (Extruded)
Info    : [ 40%] Meshing curve 90079 (Extruded)
Info    : [ 40%] Meshing curve 90081 (Extruded)
Info    : [ 40%] Meshing curve 90083 (Extruded)
Info    : [ 40%] Meshing curve 90085 (Extruded)
Info    : [ 40%] Meshing curve 90087 (Extruded)
Info    : [ 40%] Meshing curve 90089 (Extruded)
Info    : [ 40%] Meshing curve 90090 (Extruded)
Info    : [ 50%] Meshing curve 90091 (Extruded)
Info    : [ 50%] Meshing curve 90093 (Extruded)
Info    : [ 50%] Meshing curve 90095 (Extruded)
Info    : [ 50%] Meshing curve 90097 (Extruded)
Info    : [ 50%] Meshing curve 90099 (Extruded)
Info    : [ 50%] Meshing curve 90101 (Extruded)
Info    : [ 50%] Meshing curve 90103 (Extruded)
Info    : [ 50%] Meshing curve 90105 (Extruded)
Info    : [ 50%] Meshing curve 90107 (Extruded)
Info    : [ 50%] Meshing curve 90109 (Extruded)
Info    : [ 50%] Meshing curve 90111 (Extruded)
Info    : [ 50%] Meshing curve 90113 (Extruded)
Info    : [ 50%] Meshing curve 90115 (Extruded)
Info    : [ 50%] Meshing curve 90117 (Extruded)
Info    : [ 50%] Meshing curve 90118 (Extruded)
Info    : [ 50%] Meshing curve 90119 (Extruded)
Info    : [ 50%] Meshing curve 90121 (Extruded)
Info    : [ 50%] Meshing curve 90122 (Extruded)
Info    : [ 50%] Meshing curve 90123 (Extruded)
Info    : [ 50%] Meshing curve 90125 (Extruded)
Info    : [ 50%] Meshing curve 90127 (Extruded)
Info    : [ 50%] Meshing curve 90129 (Extruded)
Info    : [ 50%] Meshing curve 90130 (Extruded)
Info    : [ 50%] Meshing curve 90131 (Extruded)
Info    : [ 50%] Meshing curve 90133 (Extruded)
Info    : [ 50%] Meshing curve 90135 (Extruded)
Info    : [ 50%] Meshing curve 90137 (Extruded)
Info    : [ 50%] Meshing curve 90139 (Extruded)
Info    : [ 50%] Meshing curve 90141 (Extruded)
Info    : [ 50%] Meshing curve 90143 (Extruded)
Info    : [ 50%] Meshing curve 90145 (Extruded)
Info    : [ 50%] Meshing curve 90147 (Extruded)
Info    : [ 50%] Meshing curve 90149 (Extruded)
Info    : [ 50%] Meshing curve 90153 (Extruded)
Info    : [ 50%] Meshing curve 90154 (Extruded)
Info    : [ 50%] Meshing curve 90155 (Extruded)
Info    : [ 50%] Meshing curve 90157 (Extruded)
Info    : [ 50%] Meshing curve 90159 (Extruded)
Info    : [ 50%] Meshing curve 90161 (Extruded)
Info    : [ 50%] Meshing curve 90163 (Extruded)
Info    : [ 50%] Meshing curve 90165 (Extruded)
Info    : [ 50%] Meshing curve 90167 (Extruded)
Info    : [ 50%] Meshing curve 90169 (Extruded)
Info    : [ 50%] Meshing curve 90170 (Extruded)
Info    : [ 50%] Meshing curve 90171 (Extruded)
Info    : [ 50%] Meshing curve 90173 (Extruded)
Info    : [ 50%] Meshing curve 90175 (Extruded)
Info    : [ 50%] Meshing curve 90177 (Extruded)
Info    : [ 50%] Meshing curve 90179 (Extruded)
Info    : [ 50%] Meshing curve 90181 (Extruded)
Info    : [ 50%] Meshing curve 90182 (Extruded)
Info    : [ 50%] Meshing curve 90183 (Extruded)
Info    : [ 50%] Meshing curve 90185 (Extruded)
Info    : [ 50%] Meshing curve 90187 (Extruded)
Info    : [ 50%] Meshing curve 90189 (Extruded)
Info    : [ 50%] Meshing curve 90193 (Extruded)
Info    : [ 50%] Meshing curve 90195 (Extruded)
Info    : [ 50%] Meshing curve 90197 (Extruded)
Info    : [ 50%] Meshing curve 90199 (Extruded)
Info    : [ 50%] Meshing curve 90201 (Extruded)
Info    : [ 50%] Meshing curve 90203 (Extruded)
Info    : [ 50%] Meshing curve 90205 (Extruded)
Info    : [ 50%] Meshing curve 90206 (Extruded)
Info    : [ 50%] Meshing curve 90207 (Extruded)
Info    : [ 50%] Meshing curve 90209 (Extruded)
Info    : [ 50%] Meshing curve 90211 (Extruded)
Info    : [ 50%] Meshing curve 90213 (Extruded)
Info    : [ 50%] Meshing curve 90215 (Extruded)
Info    : [ 50%] Meshing curve 90217 (Extruded)
Info    : [ 50%] Meshing curve 90219 (Extruded)
Info    : [ 50%] Meshing curve 90221 (Extruded)
Info    : [ 50%] Meshing curve 90222 (Extruded)
Info    : [ 50%] Meshing curve 90223 (Extruded)
Info    : [ 50%] Meshing curve 90225 (Extruded)
Info    : [ 50%] Meshing curve 90227 (Extruded)
Info    : [ 50%] Meshing curve 90229 (Extruded)
Info    : [ 50%] Meshing curve 90231 (Extruded)
Info    : [ 50%] Meshing curve 90233 (Extruded)
Info    : [ 50%] Meshing curve 90235 (Extruded)
Info    : [ 50%] Meshing curve 90237 (Extruded)
Info    : [ 50%] Meshing curve 90239 (Extruded)
Info    : [ 50%] Meshing curve 90241 (Extruded)
Info    : [ 50%] Meshing curve 90243 (Extruded)
Info    : [ 50%] Meshing curve 90245 (Extruded)
Info    : [ 50%] Meshing curve 90246 (Extruded)
Info    : [ 50%] Meshing curve 90247 (Extruded)
Info    : [ 50%] Meshing curve 90249 (Extruded)
Info    : [ 50%] Meshing curve 90251 (Extruded)
Info    : [ 50%] Meshing curve 90253 (Extruded)
Info    : [ 50%] Meshing curve 90255 (Extruded)
Info    : [ 50%] Meshing curve 90257 (Extruded)
Info    : [ 50%] Meshing curve 90258 (Extruded)
Info    : [ 50%] Meshing curve 90259 (Extruded)
Info    : [ 50%] Meshing curve 90261 (Extruded)
Info    : [ 50%] Meshing curve 90263 (Extruded)
Info    : [ 50%] Meshing curve 90265 (Extruded)
Info    : [ 50%] Meshing curve 90267 (Extruded)
Info    : [ 50%] Meshing curve 90269 (Extruded)
Info    : [ 50%] Meshing curve 90271 (Extruded)
Info    : [ 50%] Meshing curve 90273 (Extruded)
Info    : [ 50%] Meshing curve 90275 (Extruded)
Info    : [ 50%] Meshing curve 90277 (Extruded)
Info    : [ 50%] Meshing curve 90278 (Extruded)
Info    : [ 50%] Meshing curve 90279 (Extruded)
Info    : [ 50%] Meshing curve 90281 (Extruded)
Info    : [ 50%] Meshing curve 90285 (Extruded)
Info    : [ 50%] Meshing curve 90287 (Extruded)
Info    : [ 50%] Meshing curve 90289 (Extruded)
Info    : [ 50%] Meshing curve 90291 (Extruded)
Info    : [ 50%] Meshing curve 90293 (Extruded)
Info    : [ 50%] Meshing curve 90295 (Extruded)
Info    : [ 50%] Meshing curve 90297 (Extruded)
Info    : [ 50%] Meshing curve 90299 (Extruded)
Info    : [ 50%] Meshing curve 90301 (Extruded)
Info    : [ 50%] Meshing curve 90303 (Extruded)
Info    : [ 50%] Meshing curve 90305 (Extruded)
Info    : [ 50%] Meshing curve 90307 (Extruded)
Info    : [ 50%] Meshing curve 90309 (Extruded)
Info    : [ 50%] Meshing curve 90310 (Extruded)
Info    : [ 50%] Meshing curve 90311 (Extruded)
Info    : [ 50%] Meshing curve 90313 (Extruded)
Info    : [ 50%] Meshing curve 90315 (Extruded)
Info    : [ 50%] Meshing curve 90317 (Extruded)
Info    : [ 50%] Meshing curve 90319 (Extruded)
Info    : [ 50%] Meshing curve 90321 (Extruded)
Info    : [ 50%] Meshing curve 90323 (Extruded)
Info    : [ 50%] Meshing curve 90325 (Extruded)
Info    : [ 50%] Meshing curve 90327 (Extruded)
Info    : [ 50%] Meshing curve 90329 (Extruded)
Info    : [ 50%] Meshing curve 90331 (Extruded)
Info    : [ 50%] Meshing curve 90333 (Extruded)
Info    : [ 60%] Meshing curve 90335 (Extruded)
Info    : [ 60%] Meshing curve 90337 (Extruded)
Info    : [ 60%] Meshing curve 90338 (Extruded)
Info    : [ 60%] Meshing curve 90339 (Extruded)
Info    : [ 60%] Meshing curve 90341 (Extruded)
Info    : [ 60%] Meshing curve 90343 (Extruded)
Info    : [ 60%] Meshing curve 90345 (Extruded)
Info    : [ 60%] Meshing curve 90347 (Extruded)
Info    : [ 60%] Meshing curve 90349 (Extruded)
Info    : [ 60%] Meshing curve 90351 (Extruded)
Info    : [ 60%] Meshing curve 90353 (Extruded)
Info    : [ 60%] Meshing curve 90355 (Extruded)
Info    : [ 60%] Meshing curve 90357 (Extruded)
Info    : [ 60%] Meshing curve 90358 (Extruded)
Info    : [ 60%] Meshing curve 90359 (Extruded)
Info    : [ 60%] Meshing curve 90361 (Extruded)
Info    : [ 60%] Meshing curve 90363 (Extruded)
Info    : [ 60%] Meshing curve 90365 (Extruded)
Info    : [ 60%] Meshing curve 90367 (Extruded)
Info    : [ 60%] Meshing curve 90369 (Extruded)
Info    : [ 60%] Meshing curve 90371 (Extruded)
Info    : [ 60%] Meshing curve 90373 (Extruded)
Info    : [ 60%] Meshing curve 90375 (Extruded)
Info    : [ 60%] Meshing curve 90377 (Extruded)
Info    : [ 60%] Meshing curve 90379 (Extruded)
Info    : [ 60%] Meshing curve 90381 (Extruded)
Info    : [ 60%] Meshing curve 90382 (Extruded)
Info    : [ 60%] Meshing curve 90383 (Extruded)
Info    : [ 60%] Meshing curve 90385 (Extruded)
Info    : [ 60%] Meshing curve 90387 (Extruded)
Info    : [ 60%] Meshing curve 90389 (Extruded)
Info    : [ 60%] Meshing curve 90390 (Extruded)
Info    : [ 60%] Meshing curve 90391 (Extruded)
Info    : [ 60%] Meshing curve 90393 (Extruded)
Info    : [ 60%] Meshing curve 90397 (Extruded)
Info    : [ 60%] Meshing curve 90399 (Extruded)
Info    : [ 60%] Meshing curve 90401 (Extruded)
Info    : [ 60%] Meshing curve 90403 (Extruded)
Info    : [ 60%] Meshing curve 90405 (Extruded)
Info    : [ 60%] Meshing curve 90406 (Extruded)
Info    : [ 60%] Meshing curve 90407 (Extruded)
Info    : [ 60%] Meshing curve 90409 (Extruded)
Info    : [ 60%] Meshing curve 90411 (Extruded)
Info    : [ 60%] Meshing curve 90413 (Extruded)
Info    : [ 60%] Meshing curve 90415 (Extruded)
Info    : [ 60%] Meshing curve 90417 (Extruded)
Info    : [ 60%] Meshing curve 90419 (Extruded)
Info    : [ 60%] Meshing curve 90421 (Extruded)
Info    : [ 60%] Meshing curve 90423 (Extruded)
Info    : [ 60%] Meshing curve 90425 (Extruded)
Info    : [ 60%] Meshing curve 90427 (Extruded)
Info    : [ 60%] Meshing curve 90429 (Extruded)
Info    : [ 60%] Meshing curve 90430 (Extruded)
Info    : [ 60%] Meshing curve 90431 (Extruded)
Info    : [ 60%] Meshing curve 90433 (Extruded)
Info    : [ 60%] Meshing curve 90435 (Extruded)
Info    : [ 60%] Meshing curve 90437 (Extruded)
Info    : [ 60%] Meshing curve 90439 (Extruded)
Info    : [ 60%] Meshing curve 90441 (Extruded)
Info    : [ 60%] Meshing curve 90443 (Extruded)
Info    : [ 60%] Meshing curve 90445 (Extruded)
Info    : [ 60%] Meshing curve 90447 (Extruded)
Info    : [ 60%] Meshing curve 90449 (Extruded)
Info    : [ 60%] Meshing curve 90451 (Extruded)
Info    : [ 60%] Meshing curve 90453 (Extruded)
Info    : [ 60%] Meshing curve 90455 (Extruded)
Info    : [ 60%] Meshing curve 90457 (Extruded)
Info    : [ 60%] Meshing curve 90461 (Extruded)
Info    : [ 60%] Meshing curve 90462 (Extruded)
Info    : [ 60%] Meshing curve 90463 (Extruded)
Info    : [ 60%] Meshing curve 90465 (Extruded)
Info    : [ 60%] Meshing curve 90466 (Extruded)
Info    : [ 60%] Meshing curve 90467 (Extruded)
Info    : [ 60%] Meshing curve 90469 (Extruded)
Info    : [ 60%] Meshing curve 90471 (Extruded)
Info    : [ 60%] Meshing curve 90473 (Extruded)
Info    : [ 60%] Meshing curve 90475 (Extruded)
Info    : [ 60%] Meshing curve 90477 (Extruded)
Info    : [ 60%] Meshing curve 90479 (Extruded)
Info    : [ 60%] Meshing curve 90481 (Extruded)
Info    : [ 60%] Meshing curve 90482 (Extruded)
Info    : [ 60%] Meshing curve 90483 (Extruded)
Info    : [ 60%] Meshing curve 90485 (Extruded)
Info    : [ 60%] Meshing curve 90489 (Extruded)
Info    : [ 60%] Meshing curve 90491 (Extruded)
Info    : [ 60%] Meshing curve 90493 (Extruded)
Info    : [ 60%] Meshing curve 90495 (Extruded)
Info    : [ 60%] Meshing curve 90497 (Extruded)
Info    : [ 60%] Meshing curve 90499 (Extruded)
Info    : [ 60%] Meshing curve 90501 (Extruded)
Info    : [ 60%] Meshing curve 90503 (Extruded)
Info    : [ 60%] Meshing curve 90505 (Extruded)
Info    : [ 60%] Meshing curve 90507 (Extruded)
Info    : [ 60%] Meshing curve 90509 (Extruded)
Info    : [ 60%] Meshing curve 90511 (Extruded)
Info    : [ 60%] Meshing curve 90513 (Extruded)
Info    : [ 60%] Meshing curve 90515 (Extruded)
Info    : [ 60%] Meshing curve 90517 (Extruded)
Info    : [ 60%] Meshing curve 90518 (Extruded)
Info    : [ 60%] Meshing curve 90521 (Extruded)
Info    : [ 60%] Meshing curve 90525 (Extruded)
Info    : [ 60%] Meshing curve 90526 (Extruded)
Info    : [ 60%] Meshing curve 90527 (Extruded)
Info    : [ 60%] Meshing curve 90529 (Extruded)
Info    : [ 60%] Meshing curve 90531 (Extruded)
Info    : [ 60%] Meshing curve 90533 (Extruded)
Info    : [ 60%] Meshing curve 90535 (Extruded)
Info    : [ 60%] Meshing curve 90537 (Extruded)
Info    : [ 60%] Meshing curve 90539 (Extruded)
Info    : [ 60%] Meshing curve 90541 (Extruded)
Info    : [ 60%] Meshing curve 90543 (Extruded)
Info    : [ 60%] Meshing curve 90545 (Extruded)
Info    : [ 60%] Meshing curve 90547 (Extruded)
Info    : [ 60%] Meshing curve 90549 (Extruded)
Info    : [ 60%] Meshing curve 90553 (Extruded)
Info    : [ 60%] Meshing curve 90555 (Extruded)
Info    : [ 60%] Meshing curve 90557 (Extruded)
Info    : [ 60%] Meshing curve 90559 (Extruded)
Info    : [ 60%] Meshing curve 90561 (Extruded)
Info    : [ 60%] Meshing curve 90563 (Extruded)
Info    : [ 60%] Meshing curve 90565 (Extruded)
Info    : [ 60%] Meshing curve 90567 (Extruded)
Info    : [ 60%] Meshing curve 90569 (Extruded)
Info    : [ 60%] Meshing curve 90571 (Extruded)
Info    : [ 60%] Meshing curve 90573 (Extruded)
Info    : [ 60%] Meshing curve 90575 (Extruded)
Info    : [ 60%] Meshing curve 90577 (Extruded)
Info    : [ 60%] Meshing curve 90579 (Extruded)
Info    : [ 60%] Meshing curve 90581 (Extruded)
Info    : [ 60%] Meshing curve 90583 (Extruded)
Info    : [ 60%] Meshing curve 90585 (Extruded)
Info    : [ 70%] Meshing curve 90589 (Extruded)
Info    : [ 70%] Meshing curve 90590 (Extruded)
Info    : [ 70%] Meshing curve 90591 (Extruded)
Info    : [ 70%] Meshing curve 90593 (Extruded)
Info    : [ 70%] Meshing curve 90595 (Extruded)
Info    : [ 70%] Meshing curve 90597 (Extruded)
Info    : [ 70%] Meshing curve 90599 (Extruded)
Info    : [ 70%] Meshing curve 90601 (Extruded)
Info    : [ 70%] Meshing curve 90603 (Extruded)
Info    : [ 70%] Meshing curve 90605 (Extruded)
Info    : [ 70%] Meshing curve 90607 (Extruded)
Info    : [ 70%] Meshing curve 90609 (Extruded)
Info    : [ 70%] Meshing curve 90611 (Extruded)
Info    : [ 70%] Meshing curve 90613 (Extruded)
Info    : [ 70%] Meshing curve 90615 (Extruded)
Info    : [ 70%] Meshing curve 90617 (Extruded)
Info    : [ 70%] Meshing curve 90619 (Extruded)
Info    : [ 70%] Meshing curve 90621 (Extruded)
Info    : [ 70%] Meshing curve 90623 (Extruded)
Info    : [ 70%] Meshing curve 90625 (Extruded)
Info    : [ 70%] Meshing curve 90627 (Extruded)
Info    : [ 70%] Meshing curve 90629 (Extruded)
Info    : [ 70%] Meshing curve 90631 (Extruded)
Info    : [ 70%] Meshing curve 90633 (Extruded)
Info    : [ 70%] Meshing curve 90637 (Extruded)
Info    : [ 70%] Meshing curve 90639 (Extruded)
Info    : [ 70%] Meshing curve 90641 (Extruded)
Info    : [ 70%] Meshing curve 90642 (Extruded)
Info    : [ 70%] Meshing curve 90643 (Extruded)
Info    : [ 70%] Meshing curve 90645 (Extruded)
Info    : [ 70%] Meshing curve 90647 (Extruded)
Info    : [ 70%] Meshing curve 90649 (Extruded)
Info    : [ 70%] Meshing curve 90651 (Extruded)
Info    : [ 70%] Meshing curve 90653 (Extruded)
Info    : [ 70%] Meshing curve 90657 (Extruded)
Info    : [ 70%] Meshing curve 90661 (Extruded)
Info    : [ 70%] Meshing curve 90665 (Extruded)
Info    : [ 70%] Meshing curve 90666 (Extruded)
Info    : [ 70%] Meshing curve 90667 (Extruded)
Info    : [ 70%] Meshing curve 90669 (Extruded)
Info    : [ 70%] Meshing curve 90673 (Extruded)
Info    : [ 70%] Meshing curve 90675 (Extruded)
Info    : [ 70%] Meshing curve 90677 (Extruded)
Info    : [ 70%] Meshing curve 90679 (Extruded)
Info    : [ 70%] Meshing curve 90681 (Extruded)
Info    : [ 70%] Meshing curve 90682 (Extruded)
Info    : [ 70%] Meshing curve 90683 (Extruded)
Info    : [ 70%] Meshing curve 90685 (Extruded)
Info    : [ 70%] Meshing curve 90687 (Extruded)
Info    : [ 70%] Meshing curve 90689 (Extruded)
Info    : [ 70%] Meshing curve 90693 (Extruded)
Info    : [ 70%] Meshing curve 90695 (Extruded)
Info    : [ 70%] Meshing curve 90697 (Extruded)
Info    : [ 70%] Meshing curve 90699 (Extruded)
Info    : [ 70%] Meshing curve 90701 (Extruded)
Info    : [ 70%] Meshing curve 90705 (Extruded)
Info    : [ 70%] Meshing curve 90707 (Extruded)
Info    : [ 70%] Meshing curve 90709 (Extruded)
Info    : [ 70%] Meshing curve 90711 (Extruded)
Info    : [ 70%] Meshing curve 90713 (Extruded)
Info    : [ 70%] Meshing curve 90715 (Extruded)
Info    : [ 70%] Meshing curve 90717 (Extruded)
Info    : [ 70%] Meshing curve 90719 (Extruded)
Info    : [ 70%] Meshing curve 90721 (Extruded)
Info    : [ 70%] Meshing curve 90722 (Extruded)
Info    : [ 70%] Meshing curve 90723 (Extruded)
Info    : [ 70%] Meshing curve 90725 (Extruded)
Info    : [ 70%] Meshing curve 90727 (Extruded)
Info    : [ 70%] Meshing curve 90729 (Extruded)
Info    : [ 70%] Meshing curve 90731 (Extruded)
Info    : [ 70%] Meshing curve 90733 (Extruded)
Info    : [ 70%] Meshing curve 90735 (Extruded)
Info    : [ 70%] Meshing curve 90737 (Extruded)
Info    : [ 70%] Meshing curve 90739 (Extruded)
Info    : [ 70%] Meshing curve 90741 (Extruded)
Info    : [ 70%] Meshing curve 90742 (Extruded)
Info    : [ 70%] Meshing curve 90743 (Extruded)
Info    : [ 70%] Meshing curve 90745 (Extruded)
Info    : [ 70%] Meshing curve 90747 (Extruded)
Info    : [ 70%] Meshing curve 90749 (Extruded)
Info    : [ 70%] Meshing curve 90753 (Extruded)
Info    : [ 70%] Meshing curve 90755 (Extruded)
Info    : [ 70%] Meshing curve 90757 (Extruded)
Info    : [ 70%] Meshing curve 90759 (Extruded)
Info    : [ 70%] Meshing curve 90761 (Extruded)
Info    : [ 70%] Meshing curve 90763 (Extruded)
Info    : [ 70%] Meshing curve 90765 (Extruded)
Info    : [ 70%] Meshing curve 90769 (Extruded)
Info    : [ 70%] Meshing curve 90770 (Extruded)
Info    : [ 70%] Meshing curve 90771 (Extruded)
Info    : [ 70%] Meshing curve 90773 (Extruded)
Info    : [ 70%] Meshing curve 90775 (Extruded)
Info    : [ 70%] Meshing curve 90777 (Extruded)
Info    : [ 70%] Meshing curve 90779 (Extruded)
Info    : [ 70%] Meshing curve 90781 (Extruded)
Info    : [ 70%] Meshing curve 90783 (Extruded)
Info    : [ 70%] Meshing curve 90785 (Extruded)
Info    : [ 70%] Meshing curve 90787 (Extruded)
Info    : [ 70%] Meshing curve 90789 (Extruded)
Info    : [ 70%] Meshing curve 90791 (Extruded)
Info    : [ 70%] Meshing curve 90793 (Extruded)
Info    : [ 70%] Meshing curve 90795 (Extruded)
Info    : [ 70%] Meshing curve 90797 (Extruded)
Info    : [ 70%] Meshing curve 90798 (Extruded)
Info    : [ 70%] Meshing curve 90799 (Extruded)
Info    : [ 70%] Meshing curve 90801 (Extruded)
Info    : [ 70%] Meshing curve 90803 (Extruded)
Info    : [ 70%] Meshing curve 90805 (Extruded)
Info    : [ 70%] Meshing curve 90807 (Extruded)
Info    : [ 70%] Meshing curve 90809 (Extruded)
Info    : [ 70%] Meshing curve 90811 (Extruded)
Info    : [ 70%] Meshing curve 90813 (Extruded)
Info    : [ 70%] Meshing curve 90815 (Extruded)
Info    : [ 70%] Meshing curve 90817 (Extruded)
Info    : [ 70%] Meshing curve 90819 (Extruded)
Info    : [ 70%] Meshing curve 90821 (Extruded)
Info    : [ 70%] Meshing curve 90825 (Extruded)
Info    : [ 70%] Meshing curve 90827 (Extruded)
Info    : [ 70%] Meshing curve 90829 (Extruded)
Info    : [ 70%] Meshing curve 90833 (Extruded)
Info    : [ 70%] Meshing curve 90834 (Extruded)
Info    : [ 70%] Meshing curve 90835 (Extruded)
Info    : [ 70%] Meshing curve 90837 (Extruded)
Info    : [ 70%] Meshing curve 90839 (Extruded)
Info    : [ 70%] Meshing curve 90841 (Extruded)
Info    : [ 70%] Meshing curve 90845 (Extruded)
Info    : [ 70%] Meshing curve 90847 (Extruded)
Info    : [ 70%] Meshing curve 90849 (Extruded)
Info    : [ 70%] Meshing curve 90853 (Extruded)
Info    : [ 70%] Meshing curve 90857 (Extruded)
Info    : [ 70%] Meshing curve 90859 (Extruded)
Info    : [ 80%] Meshing curve 90861 (Extruded)
Info    : [ 80%] Meshing curve 90863 (Extruded)
Info    : [ 80%] Meshing curve 90865 (Extruded)
Info    : [ 80%] Meshing curve 90867 (Extruded)
Info    : [ 80%] Meshing curve 90869 (Extruded)
Info    : [ 80%] Meshing curve 90871 (Extruded)
Info    : [ 80%] Meshing curve 90873 (Extruded)
Info    : [ 80%] Meshing curve 90875 (Extruded)
Info    : [ 80%] Meshing curve 90877 (Extruded)
Info    : [ 80%] Meshing curve 90879 (Extruded)
Info    : [ 80%] Meshing curve 90881 (Extruded)
Info    : [ 80%] Meshing curve 90885 (Extruded)
Info    : [ 80%] Meshing curve 90887 (Extruded)
Info    : [ 80%] Meshing curve 90889 (Extruded)
Info    : [ 80%] Meshing curve 90891 (Extruded)
Info    : [ 80%] Meshing curve 90893 (Extruded)
Info    : [ 80%] Meshing curve 90895 (Extruded)
Info    : [ 80%] Meshing curve 90897 (Extruded)
Info    : [ 80%] Meshing curve 90898 (Extruded)
Info    : [ 80%] Meshing curve 90899 (Extruded)
Info    : [ 80%] Meshing curve 90901 (Extruded)
Info    : [ 80%] Meshing curve 90903 (Extruded)
Info    : [ 80%] Meshing curve 90905 (Extruded)
Info    : [ 80%] Meshing curve 90907 (Extruded)
Info    : [ 80%] Meshing curve 90909 (Extruded)
Info    : [ 80%] Meshing curve 90911 (Extruded)
Info    : [ 80%] Meshing curve 90913 (Extruded)
Info    : [ 80%] Meshing curve 90917 (Extruded)
Info    : [ 80%] Meshing curve 90919 (Extruded)
Info    : [ 80%] Meshing curve 90921 (Extruded)
Info    : [ 80%] Meshing curve 90923 (Extruded)
Info    : [ 80%] Meshing curve 90925 (Extruded)
Info    : [ 80%] Meshing curve 90927 (Extruded)
Info    : [ 80%] Meshing curve 90929 (Extruded)
Info    : [ 80%] Meshing curve 90931 (Extruded)
Info    : [ 80%] Meshing curve 90933 (Extruded)
Info    : [ 80%] Meshing curve 90935 (Extruded)
Info    : [ 80%] Meshing curve 90937 (Extruded)
Info    : [ 80%] Meshing curve 90939 (Extruded)
Info    : [ 80%] Meshing curve 90941 (Extruded)
Info    : [ 80%] Meshing curve 90945 (Extruded)
Info    : [ 80%] Meshing curve 90947 (Extruded)
Info    : [ 80%] Meshing curve 90949 (Extruded)
Info    : [ 80%] Meshing curve 90951 (Extruded)
Info    : [ 80%] Meshing curve 90953 (Extruded)
Info    : [ 80%] Meshing curve 90957 (Extruded)
Info    : [ 80%] Meshing curve 90958 (Extruded)
Info    : [ 80%] Meshing curve 90961 (Extruded)
Info    : [ 80%] Meshing curve 90965 (Extruded)
Info    : [ 80%] Meshing curve 90969 (Extruded)
Info    : [ 80%] Meshing curve 90971 (Extruded)
Info    : [ 80%] Meshing curve 90973 (Extruded)
Info    : [ 80%] Meshing curve 90974 (Extruded)
Info    : [ 80%] Meshing curve 90977 (Extruded)
Info    : [ 80%] Meshing curve 90981 (Extruded)
Info    : [ 80%] Meshing curve 90985 (Extruded)
Info    : [ 80%] Meshing curve 90987 (Extruded)
Info    : [ 80%] Meshing curve 90989 (Extruded)
Info    : [ 80%] Meshing curve 90991 (Extruded)
Info    : [ 80%] Meshing curve 90993 (Extruded)
Info    : [ 80%] Meshing curve 90994 (Extruded)
Info    : [ 80%] Meshing curve 90995 (Extruded)
Info    : [ 80%] Meshing curve 90997 (Extruded)
Info    : [ 80%] Meshing curve 90999 (Extruded)
Info    : [ 80%] Meshing curve 91001 (Extruded)
Info    : [ 80%] Meshing curve 91003 (Extruded)
Info    : [ 80%] Meshing curve 91005 (Extruded)
Info    : [ 80%] Meshing curve 91007 (Extruded)
Info    : [ 80%] Meshing curve 91009 (Extruded)
Info    : [ 80%] Meshing curve 91013 (Extruded)
Info    : [ 80%] Meshing curve 91015 (Extruded)
Info    : [ 80%] Meshing curve 91017 (Extruded)
Info    : [ 80%] Meshing curve 91019 (Extruded)
Info    : [ 80%] Meshing curve 91021 (Extruded)
Info    : [ 80%] Meshing curve 91023 (Extruded)
Info    : [ 80%] Meshing curve 91025 (Extruded)
Info    : [ 80%] Meshing curve 91027 (Extruded)
Info    : [ 80%] Meshing curve 91029 (Extruded)
Info    : [ 80%] Meshing curve 91031 (Extruded)
Info    : [ 80%] Meshing curve 91033 (Extruded)
Info    : [ 80%] Meshing curve 91034 (Extruded)
Info    : [ 80%] Meshing curve 91035 (Extruded)
Info    : [ 80%] Meshing curve 91037 (Extruded)
Info    : [ 80%] Meshing curve 91039 (Extruded)
Info    : [ 80%] Meshing curve 91041 (Extruded)
Info    : [ 80%] Meshing curve 91043 (Extruded)
Info    : [ 80%] Meshing curve 91045 (Extruded)
Info    : [ 80%] Meshing curve 91047 (Extruded)
Info    : [ 80%] Meshing curve 91049 (Extruded)
Info    : [ 80%] Meshing curve 91051 (Extruded)
Info    : [ 80%] Meshing curve 91053 (Extruded)
Info    : [ 80%] Meshing curve 91057 (Extruded)
Info    : [ 80%] Meshing curve 91061 (Extruded)
Info    : [ 80%] Meshing curve 91063 (Extruded)
Info    : [ 80%] Meshing curve 91065 (Extruded)
Info    : [ 80%] Meshing curve 91066 (Extruded)
Info    : [ 80%] Meshing curve 91069 (Extruded)
Info    : [ 80%] Meshing curve 91073 (Extruded)
Info    : [ 80%] Meshing curve 91077 (Extruded)
Info    : [ 80%] Meshing curve 91079 (Extruded)
Info    : [ 80%] Meshing curve 91081 (Extruded)
Info    : [ 80%] Meshing curve 91082 (Extruded)
Info    : [ 80%] Meshing curve 91083 (Extruded)
Info    : [ 80%] Meshing curve 91085 (Extruded)
Info    : [ 80%] Meshing curve 91087 (Extruded)
Info    : [ 80%] Meshing curve 91089 (Extruded)
Info    : [ 80%] Meshing curve 91093 (Extruded)
Info    : [ 80%] Meshing curve 91094 (Extruded)
Info    : [ 80%] Meshing curve 91095 (Extruded)
Info    : [ 80%] Meshing curve 91097 (Extruded)
Info    : [ 80%] Meshing curve 91099 (Extruded)
Info    : [ 80%] Meshing curve 91101 (Extruded)
Info    : [ 80%] Meshing curve 91103 (Extruded)
Info    : [ 80%] Meshing curve 91105 (Extruded)
Info    : [ 80%] Meshing curve 91107 (Extruded)
Info    : [ 80%] Meshing curve 91109 (Extruded)
Info    : [ 80%] Meshing curve 91113 (Extruded)
Info    : [ 80%] Meshing curve 91117 (Extruded)
Info    : [ 80%] Meshing curve 91119 (Extruded)
Info    : [ 80%] Meshing curve 91121 (Extruded)
Info    : [ 80%] Meshing curve 91125 (Extruded)
Info    : [ 80%] Meshing curve 91126 (Extruded)
Info    : [ 80%] Meshing curve 91127 (Extruded)
Info    : [ 80%] Meshing curve 91129 (Extruded)
Info    : [ 80%] Meshing curve 91133 (Extruded)
Info    : [ 80%] Meshing curve 91137 (Extruded)
Info    : [ 80%] Meshing curve 91139 (Extruded)
Info    : [ 80%] Meshing curve 91141 (Extruded)
Info    : [ 80%] Meshing curve 91145 (Extruded)
Info    : [ 80%] Meshing curve 91147 (Extruded)
Info    : [ 80%] Meshing curve 91149 (Extruded)
Info    : [ 90%] Meshing curve 91150 (Extruded)
Info    : [ 90%] Meshing curve 91153 (Extruded)
Info    : [ 90%] Meshing curve 91155 (Extruded)
Info    : [ 90%] Meshing curve 91157 (Extruded)
Info    : [ 90%] Meshing curve 91161 (Extruded)
Info    : [ 90%] Meshing curve 91165 (Extruded)
Info    : [ 90%] Meshing curve 91169 (Extruded)
Info    : [ 90%] Meshing curve 91170 (Extruded)
Info    : [ 90%] Meshing curve 91173 (Extruded)
Info    : [ 90%] Meshing curve 91175 (Extruded)
Info    : [ 90%] Meshing curve 91177 (Extruded)
Info    : [ 90%] Meshing curve 91179 (Extruded)
Info    : [ 90%] Meshing curve 91181 (Extruded)
Info    : [ 90%] Meshing curve 91185 (Extruded)
Info    : [ 90%] Meshing curve 91189 (Extruded)
Info    : [ 90%] Meshing curve 91191 (Extruded)
Info    : [ 90%] Meshing curve 91193 (Extruded)
Info    : [ 90%] Meshing curve 91197 (Extruded)
Info    : [ 90%] Meshing curve 91201 (Extruded)
Info    : [ 90%] Meshing curve 91203 (Extruded)
Info    : [ 90%] Meshing curve 91205 (Extruded)
Info    : [ 90%] Meshing curve 91206 (Extruded)
Info    : [ 90%] Meshing curve 91209 (Extruded)
Info    : [ 90%] Meshing curve 91213 (Extruded)
Info    : [ 90%] Meshing curve 91215 (Extruded)
Info    : [ 90%] Meshing curve 91217 (Extruded)
Info    : [ 90%] Meshing curve 91218 (Extruded)
Info    : [ 90%] Meshing curve 91221 (Extruded)
Info    : [ 90%] Meshing curve 91223 (Extruded)
Info    : [ 90%] Meshing curve 91225 (Extruded)
Info    : [ 90%] Meshing curve 91226 (Extruded)
Info    : [ 90%] Meshing curve 91229 (Extruded)
Info    : [ 90%] Meshing curve 91233 (Extruded)
Info    : [ 90%] Meshing curve 91237 (Extruded)
Info    : [ 90%] Meshing curve 91241 (Extruded)
Info    : [ 90%] Meshing curve 91243 (Extruded)
Info    : [ 90%] Meshing curve 91245 (Extruded)
Info    : [ 90%] Meshing curve 91249 (Extruded)
Info    : [ 90%] Meshing curve 91253 (Extruded)
Info    : [ 90%] Meshing curve 91254 (Extruded)
Info    : [ 90%] Meshing curve 91257 (Extruded)
Info    : [ 90%] Meshing curve 91261 (Extruded)
Info    : [ 90%] Meshing curve 91265 (Extruded)
Info    : [ 90%] Meshing curve 91266 (Extruded)
Info    : [ 90%] Meshing curve 91269 (Extruded)
Info    : [ 90%] Meshing curve 91273 (Extruded)
Info    : [ 90%] Meshing curve 91277 (Extruded)
Info    : [ 90%] Meshing curve 91279 (Extruded)
Info    : [ 90%] Meshing curve 91281 (Extruded)
Info    : [ 90%] Meshing curve 91285 (Extruded)
Info    : [ 90%] Meshing curve 91289 (Extruded)
Info    : [ 90%] Meshing curve 91291 (Extruded)
Info    : [ 90%] Meshing curve 91293 (Extruded)
Info    : [ 90%] Meshing curve 91297 (Extruded)
Info    : [ 90%] Meshing curve 91301 (Extruded)
Info    : [ 90%] Meshing curve 91302 (Extruded)
Info    : [ 90%] Meshing curve 91305 (Extruded)
Info    : [ 90%] Meshing curve 91309 (Extruded)
Info    : [ 90%] Meshing curve 91310 (Extruded)
Info    : [ 90%] Meshing curve 91311 (Extruded)
Info    : [ 90%] Meshing curve 91313 (Extruded)
Info    : [ 90%] Meshing curve 91317 (Extruded)
Info    : [ 90%] Meshing curve 91319 (Extruded)
Info    : [ 90%] Meshing curve 91321 (Extruded)
Info    : [ 90%] Meshing curve 91325 (Extruded)
Info    : [ 90%] Meshing curve 91327 (Extruded)
Info    : [ 90%] Meshing curve 91329 (Extruded)
Info    : [ 90%] Meshing curve 91331 (Extruded)
Info    : [ 90%] Meshing curve 91333 (Extruded)
Info    : [ 90%] Meshing curve 91337 (Extruded)
Info    : [ 90%] Meshing curve 91339 (Extruded)
Info    : [ 90%] Meshing curve 91341 (Extruded)
Info    : [ 90%] Meshing curve 91345 (Extruded)
Info    : [ 90%] Meshing curve 91349 (Extruded)
Info    : [ 90%] Meshing curve 91350 (Extruded)
Info    : [ 90%] Meshing curve 91351 (Extruded)
Info    : [ 90%] Meshing curve 91353 (Extruded)
Info    : [ 90%] Meshing curve 91354 (Extruded)
Info    : [ 90%] Meshing curve 91357 (Extruded)
Info    : [ 90%] Meshing curve 91359 (Extruded)
Info    : [ 90%] Meshing curve 91361 (Extruded)
Info    : [ 90%] Meshing curve 91365 (Extruded)
Info    : [ 90%] Meshing curve 91367 (Extruded)
Info    : [ 90%] Meshing curve 91369 (Extruded)
Info    : [ 90%] Meshing curve 91373 (Extruded)
Info    : [ 90%] Meshing curve 91375 (Extruded)
Info    : [ 90%] Meshing curve 91377 (Extruded)
Info    : [ 90%] Meshing curve 91379 (Extruded)
Info    : [ 90%] Meshing curve 91381 (Extruded)
Info    : [ 90%] Meshing curve 91383 (Extruded)
Info    : [ 90%] Meshing curve 91385 (Extruded)
Info    : [ 90%] Meshing curve 91387 (Extruded)
Info    : [ 90%] Meshing curve 91389 (Extruded)
Info    : [ 90%] Meshing curve 91391 (Extruded)
Info    : [ 90%] Meshing curve 91393 (Extruded)
Info    : [ 90%] Meshing curve 91397 (Extruded)
Info    : [ 90%] Meshing curve 91401 (Extruded)
Info    : [ 90%] Meshing curve 91403 (Extruded)
Info    : [ 90%] Meshing curve 91405 (Extruded)
Info    : [ 90%] Meshing curve 91409 (Extruded)
Info    : [ 90%] Meshing curve 91410 (Extruded)
Info    : [ 90%] Meshing curve 91411 (Extruded)
Info    : [ 90%] Meshing curve 91413 (Extruded)
Info    : [ 90%] Meshing curve 91414 (Extruded)
Info    : [ 90%] Meshing curve 91415 (Extruded)
Info    : [ 90%] Meshing curve 91417 (Extruded)
Info    : [ 90%] Meshing curve 91421 (Extruded)
Info    : [ 90%] Meshing curve 91422 (Extruded)
Info    : [ 90%] Meshing curve 91425 (Extruded)
Info    : [ 90%] Meshing curve 91429 (Extruded)
Info    : [ 90%] Meshing curve 91433 (Extruded)
Info    : [ 90%] Meshing curve 91435 (Extruded)
Info    : [ 90%] Meshing curve 91437 (Extruded)
Info    : [ 90%] Meshing curve 91438 (Extruded)
Info    : [ 90%] Meshing curve 91441 (Extruded)
Info    : [ 90%] Meshing curve 91442 (Extruded)
Info    : [ 90%] Meshing curve 91445 (Extruded)
Info    : [ 90%] Meshing curve 91449 (Extruded)
Info    : [ 90%] Meshing curve 91453 (Extruded)
Info    : [ 90%] Meshing curve 91455 (Extruded)
Info    : [ 90%] Meshing curve 91457 (Extruded)
Info    : [ 90%] Meshing curve 91459 (Extruded)
Info    : [ 90%] Meshing curve 91461 (Extruded)
Info    : [ 90%] Meshing curve 91465 (Extruded)
Info    : [ 90%] Meshing curve 91467 (Extruded)
Info    : [ 90%] Meshing curve 91469 (Extruded)
Info    : [ 90%] Meshing curve 91473 (Extruded)
Info    : [ 90%] Meshing curve 91477 (Extruded)
Info    : [ 90%] Meshing curve 91479 (Extruded)
Info    : [ 90%] Meshing curve 91481 (Extruded)
Info    : [ 90%] Meshing curve 91485 (Extruded)
Info    : [100%] Meshing curve 91486 (Extruded)
Info    : [100%] Meshing curve 91489 (Extruded)
Info    : [100%] Meshing curve 91491 (Extruded)
Info    : [100%] Meshing curve 91493 (Extruded)
Info    : [100%] Meshing curve 91495 (Extruded)
Info    : [100%] Meshing curve 91497 (Extruded)
Info    : [100%] Meshing curve 91501 (Extruded)
Info    : [100%] Meshing curve 91505 (Extruded)
Info    : [100%] Meshing curve 91506 (Extruded)
Info    : [100%] Meshing curve 91509 (Extruded)
Info    : [100%] Meshing curve 91511 (Extruded)
Info    : [100%] Meshing curve 91513 (Extruded)
Info    : [100%] Meshing curve 91515 (Extruded)
Info    : [100%] Meshing curve 91517 (Extruded)
Info    : [100%] Meshing curve 91518 (Extruded)
Info    : [100%] Meshing curve 91521 (Extruded)
Info    : [100%] Meshing curve 91525 (Extruded)
Info    : [100%] Meshing curve 91529 (Extruded)
Info    : [100%] Meshing curve 91533 (Extruded)
Info    : [100%] Meshing curve 91537 (Extruded)
Info    : [100%] Meshing curve 91541 (Extruded)
Info    : [100%] Meshing curve 91543 (Extruded)
Info    : [100%] Meshing curve 91545 (Extruded)
Info    : [100%] Meshing curve 91549 (Extruded)
Info    : [100%] Meshing curve 91553 (Extruded)
Info    : [100%] Meshing curve 91557 (Extruded)
Info    : [100%] Meshing curve 91561 (Extruded)
Info    : [100%] Meshing curve 91565 (Extruded)
Info    : [100%] Meshing curve 91569 (Extruded)
Info    : [100%] Meshing curve 91573 (Extruded)
Info    : [100%] Meshing curve 91575 (Extruded)
Info    : [100%] Meshing curve 91577 (Extruded)
Info    : [100%] Meshing curve 91581 (Extruded)
Info    : [100%] Meshing curve 91585 (Extruded)
Info    : [100%] Meshing curve 91589 (Extruded)
Info    : [100%] Meshing curve 91591 (Extruded)
Info    : [100%] Meshing curve 91593 (Extruded)
Info    : [100%] Meshing curve 91597 (Extruded)
Info    : [100%] Meshing curve 91601 (Extruded)
Info    : [100%] Meshing curve 91605 (Extruded)
Info    : [100%] Meshing curve 91607 (Extruded)
Info    : [100%] Meshing curve 91609 (Extruded)
Info    : [100%] Meshing curve 91613 (Extruded)
Info    : [100%] Meshing curve 91615 (Extruded)
Info    : [100%] Meshing curve 91617 (Extruded)
Info    : [100%] Meshing curve 91621 (Extruded)
Info    : [100%] Meshing curve 91625 (Extruded)
Info    : [100%] Meshing curve 91627 (Extruded)
Info    : [100%] Meshing curve 91629 (Extruded)
Info    : [100%] Meshing curve 91633 (Extruded)
Info    : [100%] Meshing curve 91637 (Extruded)
Info    : [100%] Meshing curve 91641 (Extruded)
Info    : [100%] Meshing curve 91645 (Extruded)
Info    : [100%] Meshing curve 91647 (Extruded)
Info    : [100%] Meshing curve 91649 (Extruded)
Info    : [100%] Meshing curve 91653 (Extruded)
Info    : [100%] Meshing curve 91655 (Extruded)
Info    : [100%] Meshing curve 91657 (Extruded)
Info    : [100%] Meshing curve 91661 (Extruded)
Info    : [100%] Meshing curve 91663 (Extruded)
Info    : [100%] Meshing curve 91665 (Extruded)
Info    : [100%] Meshing curve 91666 (Extruded)
Info    : [100%] Meshing curve 91669 (Extruded)
Info    : [100%] Meshing curve 91670 (Extruded)
Info    : [100%] Meshing curve 91673 (Extruded)
Info    : [100%] Meshing curve 91677 (Extruded)
Info    : [100%] Meshing curve 91681 (Extruded)
Info    : [100%] Meshing curve 91685 (Extruded)
Info    : [100%] Meshing curve 91687 (Extruded)
Info    : [100%] Meshing curve 91689 (Extruded)
Info    : [100%] Meshing curve 91690 (Extruded)
Info    : [100%] Meshing curve 91693 (Extruded)
Info    : [100%] Meshing curve 91697 (Extruded)
Info    : [100%] Meshing curve 91699 (Extruded)
Info    : [100%] Meshing curve 91701 (Extruded)
Info    : [100%] Meshing curve 91702 (Extruded)
Info    : [100%] Meshing curve 91705 (Extruded)
Info    : [100%] Meshing curve 91709 (Extruded)
Info    : [100%] Meshing curve 91711 (Extruded)
Info    : [100%] Meshing curve 91713 (Extruded)
Info    : [100%] Meshing curve 91714 (Extruded)
Info    : [100%] Meshing curve 91717 (Extruded)
Info    : [100%] Meshing curve 91719 (Extruded)
Info    : [100%] Meshing curve 91721 (Extruded)
Info    : [100%] Meshing curve 91722 (Extruded)
Info    : [100%] Meshing curve 91725 (Extruded)
Info    : [100%] Meshing curve 91729 (Extruded)
Info    : [100%] Meshing curve 91733 (Extruded)
Info    : [100%] Meshing curve 91735 (Extruded)
Info    : [100%] Meshing curve 91737 (Extruded)
Info    : [100%] Meshing curve 91738 (Extruded)
Info    : [100%] Meshing curve 91741 (Extruded)
Info    : [100%] Meshing curve 91743 (Extruded)
Info    : [100%] Meshing curve 91745 (Extruded)
Info    : [100%] Meshing curve 91746 (Extruded)
Info    : [100%] Meshing curve 91749 (Extruded)
Info    : [100%] Meshing curve 91753 (Extruded)
Info    : [100%] Meshing curve 91755 (Extruded)
Info    : [100%] Meshing curve 91757 (Extruded)
Info    : [100%] Meshing curve 91758 (Extruded)
Info    : [100%] Meshing curve 91761 (Extruded)
Info    : [100%] Meshing curve 91765 (Extruded)
Info    : [100%] Meshing curve 91769 (Extruded)
Info    : [100%] Meshing curve 91771 (Extruded)
Info    : [100%] Meshing curve 91773 (Extruded)
Info    : [100%] Meshing curve 91774 (Extruded)
Info    : [100%] Meshing curve 91777 (Extruded)
Info    : [100%] Meshing curve 91781 (Extruded)
Info    : [100%] Meshing curve 91785 (Extruded)
Info    : [100%] Meshing curve 91787 (Extruded)
Info    : [100%] Meshing curve 91789 (Extruded)
Info    : [100%] Meshing curve 91790 (Extruded)
Info    : [100%] Meshing curve 91793 (Extruded)
Info    : [100%] Meshing curve 91797 (Extruded)
Info    : [100%] Meshing curve 91799 (Extruded)
Info    : [100%] Meshing curve 91801 (Extruded)
Info    : [100%] Meshing curve 91802 (Extruded)
Info    : [100%] Meshing curve 91805 (Extruded)
Info    : [100%] Meshing curve 91807 (Extruded)
Info    : [100%] Meshing curve 91809 (Extruded)
Info    : [100%] Meshing curve 91810 (Extruded)
Info    : [100%] Meshing curve 91813 (Extruded)
Info    : [100%] Meshing curve 91817 (Extruded)
Info    : [100%] Meshing curve 91821 (Extruded)
Info    : [100%] Meshing curve 91823 (Extruded)
Info    : [100%] Meshing curve 91825 (Extruded)
Info    : [100%] Meshing curve 91826 (Extruded)
Info    : [100%] Meshing curve 91829 (Extruded)
Info    : [100%] Meshing curve 91833 (Extruded)
Info    : [100%] Meshing curve 91835 (Extruded)
Info    : Done meshing 1D (Wall 0.0274341s, CPU 0.015625s)
Info    : Meshing 2D...
Info    : [  0%] Meshing surface 1 (Plane, Frontal-Delaunay)
Info    : [ 10%] Meshing surface 473 (Extruded)
Info    : [ 10%] Meshing surface 477 (Extruded)
Info    : [ 10%] Meshing surface 481 (Extruded)
Info    : [ 10%] Meshing surface 485 (Extruded)
Info    : [ 10%] Meshing surface 486 (Extruded)
Info    : [ 10%] Meshing surface 490 (Extruded)
Info    : [ 10%] Meshing surface 90004 (Extruded)
Info    : [ 10%] Meshing surface 90008 (Extruded)
Info    : [ 10%] Meshing surface 90012 (Extruded)
Info    : [ 10%] Meshing surface 90016 (Extruded)
Info    : [ 10%] Meshing surface 90020 (Extruded)
Info    : [ 10%] Meshing surface 90024 (Extruded)
Info    : [ 10%] Meshing surface 90028 (Extruded)
Info    : [ 10%] Meshing surface 90032 (Extruded)
Info    : [ 10%] Meshing surface 90036 (Extruded)
Info    : [ 10%] Meshing surface 90040 (Extruded)
Info    : [ 10%] Meshing surface 90044 (Extruded)
Info    : [ 10%] Meshing surface 90048 (Extruded)
Info    : [ 10%] Meshing surface 90052 (Extruded)
Info    : [ 10%] Meshing surface 90056 (Extruded)
Info    : [ 10%] Meshing surface 90060 (Extruded)
Info    : [ 10%] Meshing surface 90064 (Extruded)
Info    : [ 10%] Meshing surface 90068 (Extruded)
Info    : [ 10%] Meshing surface 90072 (Extruded)
Info    : [ 10%] Meshing surface 90076 (Extruded)
Info    : [ 10%] Meshing surface 90080 (Extruded)
Info    : [ 10%] Meshing surface 90084 (Extruded)
Info    : [ 10%] Meshing surface 90088 (Extruded)
Info    : [ 10%] Meshing surface 90092 (Extruded)
Info    : [ 10%] Meshing surface 90096 (Extruded)
Info    : [ 10%] Meshing surface 90100 (Extruded)
Info    : [ 10%] Meshing surface 90104 (Extruded)
Info    : [ 10%] Meshing surface 90108 (Extruded)
Info    : [ 10%] Meshing surface 90112 (Extruded)
Info    : [ 10%] Meshing surface 90116 (Extruded)
Info    : [ 10%] Meshing surface 90120 (Extruded)
Info    : [ 10%] Meshing surface 90124 (Extruded)
Info    : [ 10%] Meshing surface 90128 (Extruded)
Info    : [ 10%] Meshing surface 90132 (Extruded)
Info    : [ 10%] Meshing surface 90136 (Extruded)
Info    : [ 10%] Meshing surface 90140 (Extruded)
Info    : [ 10%] Meshing surface 90144 (Extruded)
Info    : [ 10%] Meshing surface 90148 (Extruded)
Info    : [ 10%] Meshing surface 90152 (Extruded)
Info    : [ 10%] Meshing surface 90156 (Extruded)
Info    : [ 10%] Meshing surface 90160 (Extruded)
Info    : [ 20%] Meshing surface 90164 (Extruded)
Info    : [ 20%] Meshing surface 90168 (Extruded)
Info    : [ 20%] Meshing surface 90172 (Extruded)
Info    : [ 20%] Meshing surface 90176 (Extruded)
Info    : [ 20%] Meshing surface 90180 (Extruded)
Info    : [ 20%] Meshing surface 90184 (Extruded)
Info    : [ 20%] Meshing surface 90188 (Extruded)
Info    : [ 20%] Meshing surface 90192 (Extruded)
Info    : [ 20%] Meshing surface 90196 (Extruded)
Info    : [ 20%] Meshing surface 90200 (Extruded)
Info    : [ 20%] Meshing surface 90204 (Extruded)
Info    : [ 20%] Meshing surface 90208 (Extruded)
Info    : [ 20%] Meshing surface 90212 (Extruded)
Info    : [ 20%] Meshing surface 90216 (Extruded)
Info    : [ 20%] Meshing surface 90220 (Extruded)
Info    : [ 20%] Meshing surface 90224 (Extruded)
Info    : [ 20%] Meshing surface 90228 (Extruded)
Info    : [ 20%] Meshing surface 90232 (Extruded)
Info    : [ 20%] Meshing surface 90236 (Extruded)
Info    : [ 20%] Meshing surface 90240 (Extruded)
Info    : [ 20%] Meshing surface 90244 (Extruded)
Info    : [ 20%] Meshing surface 90248 (Extruded)
Info    : [ 20%] Meshing surface 90252 (Extruded)
Info    : [ 20%] Meshing surface 90256 (Extruded)
Info    : [ 20%] Meshing surface 90260 (Extruded)
Info    : [ 20%] Meshing surface 90264 (Extruded)
Info    : [ 20%] Meshing surface 90268 (Extruded)
Info    : [ 20%] Meshing surface 90272 (Extruded)
Info    : [ 20%] Meshing surface 90276 (Extruded)
Info    : [ 20%] Meshing surface 90280 (Extruded)
Info    : [ 20%] Meshing surface 90284 (Extruded)
Info    : [ 20%] Meshing surface 90288 (Extruded)
Info    : [ 20%] Meshing surface 90292 (Extruded)
Info    : [ 20%] Meshing surface 90296 (Extruded)
Info    : [ 20%] Meshing surface 90300 (Extruded)
Info    : [ 20%] Meshing surface 90304 (Extruded)
Info    : [ 20%] Meshing surface 90308 (Extruded)
Info    : [ 20%] Meshing surface 90312 (Extruded)
Info    : [ 20%] Meshing surface 90316 (Extruded)
Info    : [ 20%] Meshing surface 90320 (Extruded)
Info    : [ 20%] Meshing surface 90324 (Extruded)
Info    : [ 20%] Meshing surface 90328 (Extruded)
Info    : [ 20%] Meshing surface 90332 (Extruded)
Info    : [ 20%] Meshing surface 90336 (Extruded)
Info    : [ 20%] Meshing surface 90340 (Extruded)
Info    : [ 20%] Meshing surface 90344 (Extruded)
Info    : [ 20%] Meshing surface 90348 (Extruded)
Info    : [ 30%] Meshing surface 90352 (Extruded)
Info    : [ 30%] Meshing surface 90356 (Extruded)
Info    : [ 30%] Meshing surface 90360 (Extruded)
Info    : [ 30%] Meshing surface 90364 (Extruded)
Info    : [ 30%] Meshing surface 90368 (Extruded)
Info    : [ 30%] Meshing surface 90372 (Extruded)
Info    : [ 30%] Meshing surface 90376 (Extruded)
Info    : [ 30%] Meshing surface 90380 (Extruded)
Info    : [ 30%] Meshing surface 90384 (Extruded)
Info    : [ 30%] Meshing surface 90388 (Extruded)
Info    : [ 30%] Meshing surface 90392 (Extruded)
Info    : [ 30%] Meshing surface 90396 (Extruded)
Info    : [ 30%] Meshing surface 90400 (Extruded)
Info    : [ 30%] Meshing surface 90404 (Extruded)
Info    : [ 30%] Meshing surface 90408 (Extruded)
Info    : [ 30%] Meshing surface 90412 (Extruded)
Info    : [ 30%] Meshing surface 90416 (Extruded)
Info    : [ 30%] Meshing surface 90420 (Extruded)
Info    : [ 30%] Meshing surface 90424 (Extruded)
Info    : [ 30%] Meshing surface 90428 (Extruded)
Info    : [ 30%] Meshing surface 90432 (Extruded)
Info    : [ 30%] Meshing surface 90436 (Extruded)
Info    : [ 30%] Meshing surface 90440 (Extruded)
Info    : [ 30%] Meshing surface 90444 (Extruded)
Info    : [ 30%] Meshing surface 90448 (Extruded)
Info    : [ 30%] Meshing surface 90452 (Extruded)
Info    : [ 30%] Meshing surface 90456 (Extruded)
Info    : [ 30%] Meshing surface 90460 (Extruded)
Info    : [ 30%] Meshing surface 90464 (Extruded)
Info    : [ 30%] Meshing surface 90468 (Extruded)
Info    : [ 30%] Meshing surface 90472 (Extruded)
Info    : [ 30%] Meshing surface 90476 (Extruded)
Info    : [ 30%] Meshing surface 90480 (Extruded)
Info    : [ 30%] Meshing surface 90484 (Extruded)
Info    : [ 30%] Meshing surface 90488 (Extruded)
Info    : [ 30%] Meshing surface 90492 (Extruded)
Info    : [ 30%] Meshing surface 90496 (Extruded)
Info    : [ 30%] Meshing surface 90500 (Extruded)
Info    : [ 30%] Meshing surface 90504 (Extruded)
Info    : [ 30%] Meshing surface 90508 (Extruded)
Info    : [ 30%] Meshing surface 90512 (Extruded)
Info    : [ 30%] Meshing surface 90516 (Extruded)
Info    : [ 30%] Meshing surface 90520 (Extruded)
Info    : [ 30%] Meshing surface 90524 (Extruded)
Info    : [ 30%] Meshing surface 90528 (Extruded)
Info    : [ 30%] Meshing surface 90532 (Extruded)
Info    : [ 40%] Meshing surface 90536 (Extruded)
Info    : [ 40%] Meshing surface 90540 (Extruded)
Info    : [ 40%] Meshing surface 90544 (Extruded)
Info    : [ 40%] Meshing surface 90548 (Extruded)
Info    : [ 40%] Meshing surface 90552 (Extruded)
Info    : [ 40%] Meshing surface 90556 (Extruded)
Info    : [ 40%] Meshing surface 90560 (Extruded)
Info    : [ 40%] Meshing surface 90564 (Extruded)
Info    : [ 40%] Meshing surface 90568 (Extruded)
Info    : [ 40%] Meshing surface 90572 (Extruded)
Info    : [ 40%] Meshing surface 90576 (Extruded)
Info    : [ 40%] Meshing surface 90580 (Extruded)
Info    : [ 40%] Meshing surface 90584 (Extruded)
Info    : [ 40%] Meshing surface 90588 (Extruded)
Info    : [ 40%] Meshing surface 90592 (Extruded)
Info    : [ 40%] Meshing surface 90596 (Extruded)
Info    : [ 40%] Meshing surface 90600 (Extruded)
Info    : [ 40%] Meshing surface 90604 (Extruded)
Info    : [ 40%] Meshing surface 90608 (Extruded)
Info    : [ 40%] Meshing surface 90612 (Extruded)
Info    : [ 40%] Meshing surface 90616 (Extruded)
Info    : [ 40%] Meshing surface 90620 (Extruded)
Info    : [ 40%] Meshing surface 90624 (Extruded)
Info    : [ 40%] Meshing surface 90628 (Extruded)
Info    : [ 40%] Meshing surface 90632 (Extruded)
Info    : [ 40%] Meshing surface 90636 (Extruded)
Info    : [ 40%] Meshing surface 90640 (Extruded)
Info    : [ 40%] Meshing surface 90644 (Extruded)
Info    : [ 40%] Meshing surface 90648 (Extruded)
Info    : [ 40%] Meshing surface 90652 (Extruded)
Info    : [ 40%] Meshing surface 90656 (Extruded)
Info    : [ 40%] Meshing surface 90660 (Extruded)
Info    : [ 40%] Meshing surface 90664 (Extruded)
Info    : [ 40%] Meshing surface 90668 (Extruded)
Info    : [ 40%] Meshing surface 90672 (Extruded)
Info    : [ 40%] Meshing surface 90676 (Extruded)
Info    : [ 40%] Meshing surface 90680 (Extruded)
Info    : [ 40%] Meshing surface 90684 (Extruded)
Info    : [ 40%] Meshing surface 90688 (Extruded)
Info    : [ 40%] Meshing surface 90692 (Extruded)
Info    : [ 40%] Meshing surface 90696 (Extruded)
Info    : [ 40%] Meshing surface 90700 (Extruded)
Info    : [ 40%] Meshing surface 90704 (Extruded)
Info    : [ 40%] Meshing surface 90708 (Extruded)
Info    : [ 40%] Meshing surface 90712 (Extruded)
Info    : [ 40%] Meshing surface 90716 (Extruded)
Info    : [ 40%] Meshing surface 90720 (Extruded)
Info    : [ 50%] Meshing surface 90724 (Extruded)
Info    : [ 50%] Meshing surface 90728 (Extruded)
Info    : [ 50%] Meshing surface 90732 (Extruded)
Info    : [ 50%] Meshing surface 90736 (Extruded)
Info    : [ 50%] Meshing surface 90740 (Extruded)
Info    : [ 50%] Meshing surface 90744 (Extruded)
Info    : [ 50%] Meshing surface 90748 (Extruded)
Info    : [ 50%] Meshing surface 90752 (Extruded)
Info    : [ 50%] Meshing surface 90756 (Extruded)
Info    : [ 50%] Meshing surface 90760 (Extruded)
Info    : [ 50%] Meshing surface 90764 (Extruded)
Info    : [ 50%] Meshing surface 90768 (Extruded)
Info    : [ 50%] Meshing surface 90772 (Extruded)
Info    : [ 50%] Meshing surface 90776 (Extruded)
Info    : [ 50%] Meshing surface 90780 (Extruded)
Info    : [ 50%] Meshing surface 90784 (Extruded)
Info    : [ 50%] Meshing surface 90788 (Extruded)
Info    : [ 50%] Meshing surface 90792 (Extruded)
Info    : [ 50%] Meshing surface 90796 (Extruded)
Info    : [ 50%] Meshing surface 90800 (Extruded)
Info    : [ 50%] Meshing surface 90804 (Extruded)
Info    : [ 50%] Meshing surface 90808 (Extruded)
Info    : [ 50%] Meshing surface 90812 (Extruded)
Info    : [ 50%] Meshing surface 90816 (Extruded)
Info    : [ 50%] Meshing surface 90820 (Extruded)
Info    : [ 50%] Meshing surface 90824 (Extruded)
Info    : [ 50%] Meshing surface 90828 (Extruded)
Info    : [ 50%] Meshing surface 90832 (Extruded)
Info    : [ 50%] Meshing surface 90836 (Extruded)
Info    : [ 50%] Meshing surface 90840 (Extruded)
Info    : [ 50%] Meshing surface 90844 (Extruded)
Info    : [ 50%] Meshing surface 90848 (Extruded)
Info    : [ 50%] Meshing surface 90852 (Extruded)
Info    : [ 50%] Meshing surface 90856 (Extruded)
Info    : [ 50%] Meshing surface 90860 (Extruded)
Info    : [ 50%] Meshing surface 90864 (Extruded)
Info    : [ 50%] Meshing surface 90868 (Extruded)
Info    : [ 50%] Meshing surface 90872 (Extruded)
Info    : [ 50%] Meshing surface 90876 (Extruded)
Info    : [ 50%] Meshing surface 90880 (Extruded)
Info    : [ 50%] Meshing surface 90884 (Extruded)
Info    : [ 50%] Meshing surface 90888 (Extruded)
Info    : [ 50%] Meshing surface 90892 (Extruded)
Info    : [ 50%] Meshing surface 90896 (Extruded)
Info    : [ 50%] Meshing surface 90900 (Extruded)
Info    : [ 50%] Meshing surface 90904 (Extruded)
Info    : [ 60%] Meshing surface 90908 (Extruded)
Info    : [ 60%] Meshing surface 90912 (Extruded)
Info    : [ 60%] Meshing surface 90916 (Extruded)
Info    : [ 60%] Meshing surface 90920 (Extruded)
Info    : [ 60%] Meshing surface 90924 (Extruded)
Info    : [ 60%] Meshing surface 90928 (Extruded)
Info    : [ 60%] Meshing surface 90932 (Extruded)
Info    : [ 60%] Meshing surface 90936 (Extruded)
Info    : [ 60%] Meshing surface 90940 (Extruded)
Info    : [ 60%] Meshing surface 90944 (Extruded)
Info    : [ 60%] Meshing surface 90948 (Extruded)
Info    : [ 60%] Meshing surface 90952 (Extruded)
Info    : [ 60%] Meshing surface 90956 (Extruded)
Info    : [ 60%] Meshing surface 90960 (Extruded)
Info    : [ 60%] Meshing surface 90964 (Extruded)
Info    : [ 60%] Meshing surface 90968 (Extruded)
Info    : [ 60%] Meshing surface 90972 (Extruded)
Info    : [ 60%] Meshing surface 90976 (Extruded)
Info    : [ 60%] Meshing surface 90980 (Extruded)
Info    : [ 60%] Meshing surface 90984 (Extruded)
Info    : [ 60%] Meshing surface 90988 (Extruded)
Info    : [ 60%] Meshing surface 90992 (Extruded)
Info    : [ 60%] Meshing surface 90996 (Extruded)
Info    : [ 60%] Meshing surface 91000 (Extruded)
Info    : [ 60%] Meshing surface 91004 (Extruded)
Info    : [ 60%] Meshing surface 91008 (Extruded)
Info    : [ 60%] Meshing surface 91012 (Extruded)
Info    : [ 60%] Meshing surface 91016 (Extruded)
Info    : [ 60%] Meshing surface 91020 (Extruded)
Info    : [ 60%] Meshing surface 91024 (Extruded)
Info    : [ 60%] Meshing surface 91028 (Extruded)
Info    : [ 60%] Meshing surface 91032 (Extruded)
Info    : [ 60%] Meshing surface 91036 (Extruded)
Info    : [ 60%] Meshing surface 91040 (Extruded)
Info    : [ 60%] Meshing surface 91044 (Extruded)
Info    : [ 60%] Meshing surface 91048 (Extruded)
Info    : [ 60%] Meshing surface 91052 (Extruded)
Info    : [ 60%] Meshing surface 91056 (Extruded)
Info    : [ 60%] Meshing surface 91060 (Extruded)
Info    : [ 60%] Meshing surface 91064 (Extruded)
Info    : [ 60%] Meshing surface 91068 (Extruded)
Info    : [ 60%] Meshing surface 91072 (Extruded)
Info    : [ 60%] Meshing surface 91076 (Extruded)
Info    : [ 60%] Meshing surface 91080 (Extruded)
Info    : [ 60%] Meshing surface 91084 (Extruded)
Info    : [ 60%] Meshing surface 91088 (Extruded)
Info    : [ 60%] Meshing surface 91092 (Extruded)
Info    : [ 70%] Meshing surface 91096 (Extruded)
Info    : [ 70%] Meshing surface 91100 (Extruded)
Info    : [ 70%] Meshing surface 91104 (Extruded)
Info    : [ 70%] Meshing surface 91108 (Extruded)
Info    : [ 70%] Meshing surface 91112 (Extruded)
Info    : [ 70%] Meshing surface 91116 (Extruded)
Info    : [ 70%] Meshing surface 91120 (Extruded)
Info    : [ 70%] Meshing surface 91124 (Extruded)
Info    : [ 70%] Meshing surface 91128 (Extruded)
Info    : [ 70%] Meshing surface 91132 (Extruded)
Info    : [ 70%] Meshing surface 91136 (Extruded)
Info    : [ 70%] Meshing surface 91140 (Extruded)
Info    : [ 70%] Meshing surface 91144 (Extruded)
Info    : [ 70%] Meshing surface 91148 (Extruded)
Info    : [ 70%] Meshing surface 91152 (Extruded)
Info    : [ 70%] Meshing surface 91156 (Extruded)
Info    : [ 70%] Meshing surface 91160 (Extruded)
Info    : [ 70%] Meshing surface 91164 (Extruded)
Info    : [ 70%] Meshing surface 91168 (Extruded)
Info    : [ 70%] Meshing surface 91172 (Extruded)
Info    : [ 70%] Meshing surface 91176 (Extruded)
Info    : [ 70%] Meshing surface 91180 (Extruded)
Info    : [ 70%] Meshing surface 91184 (Extruded)
Info    : [ 70%] Meshing surface 91188 (Extruded)
Info    : [ 70%] Meshing surface 91192 (Extruded)
Info    : [ 70%] Meshing surface 91196 (Extruded)
Info    : [ 70%] Meshing surface 91200 (Extruded)
Info    : [ 70%] Meshing surface 91204 (Extruded)
Info    : [ 70%] Meshing surface 91208 (Extruded)
Info    : [ 70%] Meshing surface 91212 (Extruded)
Info    : [ 70%] Meshing surface 91216 (Extruded)
Info    : [ 70%] Meshing surface 91220 (Extruded)
Info    : [ 70%] Meshing surface 91224 (Extruded)
Info    : [ 70%] Meshing surface 91228 (Extruded)
Info    : [ 70%] Meshing surface 91232 (Extruded)
Info    : [ 70%] Meshing surface 91236 (Extruded)
Info    : [ 70%] Meshing surface 91240 (Extruded)
Info    : [ 70%] Meshing surface 91244 (Extruded)
Info    : [ 70%] Meshing surface 91248 (Extruded)
Info    : [ 70%] Meshing surface 91252 (Extruded)
Info    : [ 70%] Meshing surface 91256 (Extruded)
Info    : [ 70%] Meshing surface 91260 (Extruded)
Info    : [ 70%] Meshing surface 91264 (Extruded)
Info    : [ 70%] Meshing surface 91268 (Extruded)
Info    : [ 70%] Meshing surface 91272 (Extruded)
Info    : [ 70%] Meshing surface 91276 (Extruded)
Info    : [ 70%] Meshing surface 91280 (Extruded)
Info    : [ 80%] Meshing surface 91284 (Extruded)
Info    : [ 80%] Meshing surface 91288 (Extruded)
Info    : [ 80%] Meshing surface 91292 (Extruded)
Info    : [ 80%] Meshing surface 91296 (Extruded)
Info    : [ 80%] Meshing surface 91300 (Extruded)
Info    : [ 80%] Meshing surface 91304 (Extruded)
Info    : [ 80%] Meshing surface 91308 (Extruded)
Info    : [ 80%] Meshing surface 91312 (Extruded)
Info    : [ 80%] Meshing surface 91316 (Extruded)
Info    : [ 80%] Meshing surface 91320 (Extruded)
Info    : [ 80%] Meshing surface 91324 (Extruded)
Info    : [ 80%] Meshing surface 91328 (Extruded)
Info    : [ 80%] Meshing surface 91332 (Extruded)
Info    : [ 80%] Meshing surface 91336 (Extruded)
Info    : [ 80%] Meshing surface 91340 (Extruded)
Info    : [ 80%] Meshing surface 91344 (Extruded)
Info    : [ 80%] Meshing surface 91348 (Extruded)
Info    : [ 80%] Meshing surface 91352 (Extruded)
Info    : [ 80%] Meshing surface 91356 (Extruded)
Info    : [ 80%] Meshing surface 91360 (Extruded)
Info    : [ 80%] Meshing surface 91364 (Extruded)
Info    : [ 80%] Meshing surface 91368 (Extruded)
Info    : [ 80%] Meshing surface 91372 (Extruded)
Info    : [ 80%] Meshing surface 91376 (Extruded)
Info    : [ 80%] Meshing surface 91380 (Extruded)
Info    : [ 80%] Meshing surface 91384 (Extruded)
Info    : [ 80%] Meshing surface 91388 (Extruded)
Info    : [ 80%] Meshing surface 91392 (Extruded)
Info    : [ 80%] Meshing surface 91396 (Extruded)
Info    : [ 80%] Meshing surface 91400 (Extruded)
Info    : [ 80%] Meshing surface 91404 (Extruded)
Info    : [ 80%] Meshing surface 91408 (Extruded)
Info    : [ 80%] Meshing surface 91412 (Extruded)
Info    : [ 80%] Meshing surface 91416 (Extruded)
Info    : [ 80%] Meshing surface 91420 (Extruded)
Info    : [ 80%] Meshing surface 91424 (Extruded)
Info    : [ 80%] Meshing surface 91428 (Extruded)
Info    : [ 80%] Meshing surface 91432 (Extruded)
Info    : [ 80%] Meshing surface 91436 (Extruded)
Info    : [ 80%] Meshing surface 91440 (Extruded)
Info    : [ 80%] Meshing surface 91444 (Extruded)
Info    : [ 80%] Meshing surface 91448 (Extruded)
Info    : [ 80%] Meshing surface 91452 (Extruded)
Info    : [ 80%] Meshing surface 91456 (Extruded)
Info    : [ 80%] Meshing surface 91460 (Extruded)
Info    : [ 80%] Meshing surface 91464 (Extruded)
Info    : [ 90%] Meshing surface 91468 (Extruded)
Info    : [ 90%] Meshing surface 91472 (Extruded)
Info    : [ 90%] Meshing surface 91476 (Extruded)
Info    : [ 90%] Meshing surface 91480 (Extruded)
Info    : [ 90%] Meshing surface 91484 (Extruded)
Info    : [ 90%] Meshing surface 91488 (Extruded)
Info    : [ 90%] Meshing surface 91492 (Extruded)
Info    : [ 90%] Meshing surface 91496 (Extruded)
Info    : [ 90%] Meshing surface 91500 (Extruded)
Info    : [ 90%] Meshing surface 91504 (Extruded)
Info    : [ 90%] Meshing surface 91508 (Extruded)
Info    : [ 90%] Meshing surface 91512 (Extruded)
Info    : [ 90%] Meshing surface 91516 (Extruded)
Info    : [ 90%] Meshing surface 91520 (Extruded)
Info    : [ 90%] Meshing surface 91524 (Extruded)
Info    : [ 90%] Meshing surface 91528 (Extruded)
Info    : [ 90%] Meshing surface 91532 (Extruded)
Info    : [ 90%] Meshing surface 91536 (Extruded)
Info    : [ 90%] Meshing surface 91540 (Extruded)
Info    : [ 90%] Meshing surface 91544 (Extruded)
Info    : [ 90%] Meshing surface 91548 (Extruded)
Info    : [ 90%] Meshing surface 91552 (Extruded)
Info    : [ 90%] Meshing surface 91556 (Extruded)
Info    : [ 90%] Meshing surface 91560 (Extruded)
Info    : [ 90%] Meshing surface 91564 (Extruded)
Info    : [ 90%] Meshing surface 91568 (Extruded)
Info    : [ 90%] Meshing surface 91572 (Extruded)
Info    : [ 90%] Meshing surface 91576 (Extruded)
Info    : [ 90%] Meshing surface 91580 (Extruded)
Info    : [ 90%] Meshing surface 91584 (Extruded)
Info    : [ 90%] Meshing surface 91588 (Extruded)
Info    : [ 90%] Meshing surface 91592 (Extruded)
Info    : [ 90%] Meshing surface 91596 (Extruded)
Info    : [ 90%] Meshing surface 91600 (Extruded)
Info    : [ 90%] Meshing surface 91604 (Extruded)
Info    : [ 90%] Meshing surface 91608 (Extruded)
Info    : [ 90%] Meshing surface 91612 (Extruded)
Info    : [ 90%] Meshing surface 91616 (Extruded)
Info    : [ 90%] Meshing surface 91620 (Extruded)
Info    : [ 90%] Meshing surface 91624 (Extruded)
Info    : [ 90%] Meshing surface 91628 (Extruded)
Info    : [ 90%] Meshing surface 91632 (Extruded)
Info    : [ 90%] Meshing surface 91636 (Extruded)
Info    : [ 90%] Meshing surface 91640 (Extruded)
Info    : [ 90%] Meshing surface 91644 (Extruded)
Info    : [ 90%] Meshing surface 91648 (Extruded)
Info    : [ 90%] Meshing surface 91652 (Extruded)
Info    : [100%] Meshing surface 91656 (Extruded)
Info    : [100%] Meshing surface 91660 (Extruded)
Info    : [100%] Meshing surface 91664 (Extruded)
Info    : [100%] Meshing surface 91668 (Extruded)
Info    : [100%] Meshing surface 91672 (Extruded)
Info    : [100%] Meshing surface 91676 (Extruded)
Info    : [100%] Meshing surface 91680 (Extruded)
Info    : [100%] Meshing surface 91684 (Extruded)
Info    : [100%] Meshing surface 91688 (Extruded)
Info    : [100%] Meshing surface 91692 (Extruded)
Info    : [100%] Meshing surface 91696 (Extruded)
Info    : [100%] Meshing surface 91700 (Extruded)
Info    : [100%] Meshing surface 91704 (Extruded)
Info    : [100%] Meshing surface 91708 (Extruded)
Info    : [100%] Meshing surface 91712 (Extruded)
Info    : [100%] Meshing surface 91716 (Extruded)
Info    : [100%] Meshing surface 91720 (Extruded)
Info    : [100%] Meshing surface 91724 (Extruded)
Info    : [100%] Meshing surface 91728 (Extruded)
Info    : [100%] Meshing surface 91732 (Extruded)
Info    : [100%] Meshing surface 91736 (Extruded)
Info    : [100%] Meshing surface 91740 (Extruded)
Info    : [100%] Meshing surface 91744 (Extruded)
Info    : [100%] Meshing surface 91748 (Extruded)
Info    : [100%] Meshing surface 91752 (Extruded)
Info    : [100%] Meshing surface 91756 (Extruded)
Info    : [100%] Meshing surface 91760 (Extruded)
Info    : [100%] Meshing surface 91764 (Extruded)
Info    : [100%] Meshing surface 91768 (Extruded)
Info    : [100%] Meshing surface 91772 (Extruded)
Info    : [100%] Meshing surface 91776 (Extruded)
Info    : [100%] Meshing surface 91780 (Extruded)
Info    : [100%] Meshing surface 91784 (Extruded)
Info    : [100%] Meshing surface 91788 (Extruded)
Info    : [100%] Meshing surface 91792 (Extruded)
Info    : [100%] Meshing surface 91796 (Extruded)
Info    : [100%] Meshing surface 91800 (Extruded)
Info    : [100%] Meshing surface 91804 (Extruded)
Info    : [100%] Meshing surface 91808 (Extruded)
Info    : [100%] Meshing surface 91812 (Extruded)
Info    : [100%] Meshing surface 91816 (Extruded)
Info    : [100%] Meshing surface 91820 (Extruded)
Info    : [100%] Meshing surface 91824 (Extruded)
Info    : [100%] Meshing surface 91828 (Extruded)
Info    : [100%] Meshing surface 91832 (Extruded)
Info    : [100%] Meshing surface 91836 (Extruded)
Info    : Done meshing 2D (Wall 0.223079s, CPU 0.1875s)
Info    : Meshing 3D...
Info    : Meshing volume 1 (Extruded)
Info    : Done meshing 3D (Wall 0.127417s, CPU 0.09375s)
Info    : Optimizing mesh...
Info    : Done optimizing mesh (Wall 0.000349998s, CPU 0s)
Info    : 13602 nodes 42192 elements
Info    : Removing duplicate mesh nodes...
Info    : Found 1358 duplicate nodes 
Info    : Removed 1358 duplicate mesh nodes
Info    : Done removing duplicate mesh nodes
Info    : Done reading 'meshes\output_mergefac_0.86_clean_lc_50.geo'
Info    : Writing 'meshes\output_mergefac_0.86_clean_lc_50.msh'...
Info    : Done writing 'meshes\output_mergefac_0.86_clean_lc_50.msh'
Info    : Stopped on Thu Oct 09 06:46:11 2025 (From start: Wall 2.91637s, CPU 2.53125s)
