Info    : Running 'C:\Users\luis_\Codigo\Darts_new\Darts_enviro_new\Scripts\gmsh.bat\..\gmsh meshes\output_raw_lc_25.geo -o meshes\output_raw_lc_25.msh -save' [Gmsh 4.13.0, 1 node, max. 1 thread]
Info    : Started on Thu Oct 16 22:59:55 2025
Info    : Reading 'meshes\output_raw_lc_25.geo'...
Info    : Meshing 1D...
Info    : [  0%] Meshing curve 1 (Line)
Info    : [ 10%] Meshing curve 2 (Line)
Info    : [ 10%] Meshing curve 3 (Line)
Info    : [ 10%] Meshing curve 4 (Line)
Info    : [ 10%] Meshing curve 5 (Line)
Info    : [ 10%] Meshing curve 6 (Line)
Info    : [ 10%] Meshing curve 7 (Line)
Info    : [ 10%] Meshing curve 8 (Line)
Info    : [ 10%] Meshing curve 9 (Line)
Info    : [ 10%] Meshing curve 10 (Line)
Info    : [ 10%] Meshing curve 11 (Line)
Info    : [ 10%] Meshing curve 12 (Line)
Info    : [ 10%] Meshing curve 13 (Line)
Info    : [ 10%] Meshing curve 14 (Line)
Info    : [ 10%] Meshing curve 15 (Line)
Info    : [ 10%] Meshing curve 16 (Line)
Info    : [ 10%] Meshing curve 17 (Line)
Info    : [ 10%] Meshing curve 18 (Line)
Info    : [ 10%] Meshing curve 19 (Line)
Info    : [ 10%] Meshing curve 20 (Line)
Info    : [ 10%] Meshing curve 21 (Line)
Info    : [ 10%] Meshing curve 22 (Line)
Info    : [ 10%] Meshing curve 23 (Line)
Info    : [ 10%] Meshing curve 24 (Line)
Info    : [ 10%] Meshing curve 25 (Line)
Info    : [ 10%] Meshing curve 26 (Line)
Info    : [ 10%] Meshing curve 27 (Line)
Info    : [ 10%] Meshing curve 28 (Line)
Info    : [ 10%] Meshing curve 29 (Line)
Info    : [ 10%] Meshing curve 30 (Line)
Info    : [ 10%] Meshing curve 31 (Line)
Info    : [ 10%] Meshing curve 32 (Line)
Info    : [ 10%] Meshing curve 33 (Line)
Info    : [ 10%] Meshing curve 34 (Line)
Info    : [ 10%] Meshing curve 35 (Line)
Info    : [ 10%] Meshing curve 36 (Line)
Info    : [ 10%] Meshing curve 37 (Line)
Info    : [ 10%] Meshing curve 38 (Line)
Info    : [ 10%] Meshing curve 39 (Line)
Info    : [ 10%] Meshing curve 40 (Line)
Info    : [ 10%] Meshing curve 41 (Line)
Info    : [ 10%] Meshing curve 42 (Line)
Info    : [ 10%] Meshing curve 43 (Line)
Info    : [ 10%] Meshing curve 44 (Line)
Info    : [ 10%] Meshing curve 45 (Line)
Info    : [ 10%] Meshing curve 46 (Line)
Info    : [ 10%] Meshing curve 47 (Line)
Info    : [ 10%] Meshing curve 48 (Line)
Info    : [ 10%] Meshing curve 49 (Line)
Info    : [ 10%] Meshing curve 50 (Line)
Info    : [ 20%] Meshing curve 51 (Line)
Info    : [ 20%] Meshing curve 52 (Line)
Info    : [ 20%] Meshing curve 53 (Line)
Info    : [ 20%] Meshing curve 54 (Line)
Info    : [ 20%] Meshing curve 55 (Line)
Info    : [ 20%] Meshing curve 56 (Line)
Info    : [ 20%] Meshing curve 57 (Line)
Info    : [ 20%] Meshing curve 58 (Line)
Info    : [ 20%] Meshing curve 59 (Line)
Info    : [ 20%] Meshing curve 60 (Line)
Info    : [ 20%] Meshing curve 61 (Line)
Info    : [ 20%] Meshing curve 62 (Line)
Info    : [ 20%] Meshing curve 63 (Line)
Info    : [ 20%] Meshing curve 64 (Line)
Info    : [ 20%] Meshing curve 65 (Line)
Info    : [ 20%] Meshing curve 66 (Line)
Info    : [ 20%] Meshing curve 67 (Line)
Info    : [ 20%] Meshing curve 68 (Line)
Info    : [ 20%] Meshing curve 69 (Line)
Info    : [ 20%] Meshing curve 70 (Line)
Info    : [ 20%] Meshing curve 71 (Line)
Info    : [ 20%] Meshing curve 72 (Line)
Info    : [ 20%] Meshing curve 73 (Line)
Info    : [ 20%] Meshing curve 74 (Line)
Info    : [ 20%] Meshing curve 75 (Line)
Info    : [ 20%] Meshing curve 76 (Line)
Info    : [ 20%] Meshing curve 77 (Line)
Info    : [ 20%] Meshing curve 78 (Line)
Info    : [ 20%] Meshing curve 79 (Line)
Info    : [ 20%] Meshing curve 80 (Line)
Info    : [ 20%] Meshing curve 81 (Line)
Info    : [ 20%] Meshing curve 82 (Line)
Info    : [ 20%] Meshing curve 83 (Line)
Info    : [ 20%] Meshing curve 84 (Line)
Info    : [ 20%] Meshing curve 85 (Line)
Info    : [ 20%] Meshing curve 86 (Line)
Info    : [ 20%] Meshing curve 87 (Line)
Info    : [ 20%] Meshing curve 88 (Line)
Info    : [ 20%] Meshing curve 89 (Line)
Info    : [ 20%] Meshing curve 90 (Line)
Info    : [ 20%] Meshing curve 91 (Line)
Info    : [ 20%] Meshing curve 92 (Line)
Info    : [ 20%] Meshing curve 93 (Line)
Info    : [ 20%] Meshing curve 94 (Line)
Info    : [ 20%] Meshing curve 95 (Line)
Info    : [ 20%] Meshing curve 96 (Line)
Info    : [ 20%] Meshing curve 97 (Line)
Info    : [ 20%] Meshing curve 98 (Line)
Info    : [ 20%] Meshing curve 99 (Line)
Info    : [ 30%] Meshing curve 100 (Line)
Info    : [ 30%] Meshing curve 101 (Line)
Info    : [ 30%] Meshing curve 102 (Line)
Info    : [ 30%] Meshing curve 103 (Line)
Info    : [ 30%] Meshing curve 104 (Line)
Info    : [ 30%] Meshing curve 105 (Line)
Info    : [ 30%] Meshing curve 106 (Line)
Info    : [ 30%] Meshing curve 107 (Line)
Info    : [ 30%] Meshing curve 108 (Line)
Info    : [ 30%] Meshing curve 109 (Line)
Info    : [ 30%] Meshing curve 110 (Line)
Info    : [ 30%] Meshing curve 111 (Line)
Info    : [ 30%] Meshing curve 112 (Line)
Info    : [ 30%] Meshing curve 113 (Line)
Info    : [ 30%] Meshing curve 114 (Line)
Info    : [ 30%] Meshing curve 115 (Line)
Info    : [ 30%] Meshing curve 116 (Line)
Info    : [ 30%] Meshing curve 117 (Line)
Info    : [ 30%] Meshing curve 118 (Line)
Info    : [ 30%] Meshing curve 119 (Line)
Info    : [ 30%] Meshing curve 120 (Line)
Info    : [ 30%] Meshing curve 121 (Line)
Info    : [ 30%] Meshing curve 122 (Line)
Info    : [ 30%] Meshing curve 123 (Line)
Info    : [ 30%] Meshing curve 124 (Line)
Info    : [ 30%] Meshing curve 126 (Extruded)
Info    : [ 30%] Meshing curve 127 (Extruded)
Info    : [ 30%] Meshing curve 128 (Extruded)
Info    : [ 30%] Meshing curve 129 (Extruded)
Info    : [ 30%] Meshing curve 131 (Extruded)
Info    : [ 30%] Meshing curve 132 (Extruded)
Info    : [ 30%] Meshing curve 136 (Extruded)
Info    : [ 30%] Meshing curve 140 (Extruded)
Info    : [ 30%] Meshing curve 147 (Extruded)
Info    : [ 30%] Meshing curve 148 (Extruded)
Info    : [ 30%] Meshing curve 149 (Extruded)
Info    : [ 30%] Meshing curve 90001 (Extruded)
Info    : [ 30%] Meshing curve 90002 (Extruded)
Info    : [ 30%] Meshing curve 90003 (Extruded)
Info    : [ 30%] Meshing curve 90005 (Extruded)
Info    : [ 30%] Meshing curve 90006 (Extruded)
Info    : [ 30%] Meshing curve 90007 (Extruded)
Info    : [ 30%] Meshing curve 90009 (Extruded)
Info    : [ 30%] Meshing curve 90010 (Extruded)
Info    : [ 30%] Meshing curve 90011 (Extruded)
Info    : [ 30%] Meshing curve 90013 (Extruded)
Info    : [ 30%] Meshing curve 90014 (Extruded)
Info    : [ 30%] Meshing curve 90015 (Extruded)
Info    : [ 30%] Meshing curve 90017 (Extruded)
Info    : [ 40%] Meshing curve 90018 (Extruded)
Info    : [ 40%] Meshing curve 90019 (Extruded)
Info    : [ 40%] Meshing curve 90021 (Extruded)
Info    : [ 40%] Meshing curve 90022 (Extruded)
Info    : [ 40%] Meshing curve 90023 (Extruded)
Info    : [ 40%] Meshing curve 90025 (Extruded)
Info    : [ 40%] Meshing curve 90026 (Extruded)
Info    : [ 40%] Meshing curve 90027 (Extruded)
Info    : [ 40%] Meshing curve 90029 (Extruded)
Info    : [ 40%] Meshing curve 90030 (Extruded)
Info    : [ 40%] Meshing curve 90031 (Extruded)
Info    : [ 40%] Meshing curve 90033 (Extruded)
Info    : [ 40%] Meshing curve 90034 (Extruded)
Info    : [ 40%] Meshing curve 90035 (Extruded)
Info    : [ 40%] Meshing curve 90037 (Extruded)
Info    : [ 40%] Meshing curve 90038 (Extruded)
Info    : [ 40%] Meshing curve 90039 (Extruded)
Info    : [ 40%] Meshing curve 90041 (Extruded)
Info    : [ 40%] Meshing curve 90042 (Extruded)
Info    : [ 40%] Meshing curve 90043 (Extruded)
Info    : [ 40%] Meshing curve 90045 (Extruded)
Info    : [ 40%] Meshing curve 90046 (Extruded)
Info    : [ 40%] Meshing curve 90047 (Extruded)
Info    : [ 40%] Meshing curve 90049 (Extruded)
Info    : [ 40%] Meshing curve 90050 (Extruded)
Info    : [ 40%] Meshing curve 90051 (Extruded)
Info    : [ 40%] Meshing curve 90053 (Extruded)
Info    : [ 40%] Meshing curve 90054 (Extruded)
Info    : [ 40%] Meshing curve 90055 (Extruded)
Info    : [ 40%] Meshing curve 90057 (Extruded)
Info    : [ 40%] Meshing curve 90058 (Extruded)
Info    : [ 40%] Meshing curve 90059 (Extruded)
Info    : [ 40%] Meshing curve 90061 (Extruded)
Info    : [ 40%] Meshing curve 90062 (Extruded)
Info    : [ 40%] Meshing curve 90063 (Extruded)
Info    : [ 40%] Meshing curve 90065 (Extruded)
Info    : [ 40%] Meshing curve 90066 (Extruded)
Info    : [ 40%] Meshing curve 90067 (Extruded)
Info    : [ 40%] Meshing curve 90069 (Extruded)
Info    : [ 40%] Meshing curve 90070 (Extruded)
Info    : [ 40%] Meshing curve 90071 (Extruded)
Info    : [ 40%] Meshing curve 90073 (Extruded)
Info    : [ 40%] Meshing curve 90074 (Extruded)
Info    : [ 40%] Meshing curve 90075 (Extruded)
Info    : [ 40%] Meshing curve 90077 (Extruded)
Info    : [ 40%] Meshing curve 90078 (Extruded)
Info    : [ 40%] Meshing curve 90079 (Extruded)
Info    : [ 40%] Meshing curve 90081 (Extruded)
Info    : [ 40%] Meshing curve 90082 (Extruded)
Info    : [ 50%] Meshing curve 90083 (Extruded)
Info    : [ 50%] Meshing curve 90085 (Extruded)
Info    : [ 50%] Meshing curve 90086 (Extruded)
Info    : [ 50%] Meshing curve 90087 (Extruded)
Info    : [ 50%] Meshing curve 90089 (Extruded)
Info    : [ 50%] Meshing curve 90090 (Extruded)
Info    : [ 50%] Meshing curve 90091 (Extruded)
Info    : [ 50%] Meshing curve 90093 (Extruded)
Info    : [ 50%] Meshing curve 90094 (Extruded)
Info    : [ 50%] Meshing curve 90095 (Extruded)
Info    : [ 50%] Meshing curve 90097 (Extruded)
Info    : [ 50%] Meshing curve 90098 (Extruded)
Info    : [ 50%] Meshing curve 90099 (Extruded)
Info    : [ 50%] Meshing curve 90101 (Extruded)
Info    : [ 50%] Meshing curve 90102 (Extruded)
Info    : [ 50%] Meshing curve 90103 (Extruded)
Info    : [ 50%] Meshing curve 90105 (Extruded)
Info    : [ 50%] Meshing curve 90106 (Extruded)
Info    : [ 50%] Meshing curve 90107 (Extruded)
Info    : [ 50%] Meshing curve 90109 (Extruded)
Info    : [ 50%] Meshing curve 90110 (Extruded)
Info    : [ 50%] Meshing curve 90111 (Extruded)
Info    : [ 50%] Meshing curve 90113 (Extruded)
Info    : [ 50%] Meshing curve 90114 (Extruded)
Info    : [ 50%] Meshing curve 90115 (Extruded)
Info    : [ 50%] Meshing curve 90117 (Extruded)
Info    : [ 50%] Meshing curve 90118 (Extruded)
Info    : [ 50%] Meshing curve 90119 (Extruded)
Info    : [ 50%] Meshing curve 90121 (Extruded)
Info    : [ 50%] Meshing curve 90122 (Extruded)
Info    : [ 50%] Meshing curve 90123 (Extruded)
Info    : [ 50%] Meshing curve 90125 (Extruded)
Info    : [ 50%] Meshing curve 90126 (Extruded)
Info    : [ 50%] Meshing curve 90127 (Extruded)
Info    : [ 50%] Meshing curve 90129 (Extruded)
Info    : [ 50%] Meshing curve 90130 (Extruded)
Info    : [ 50%] Meshing curve 90131 (Extruded)
Info    : [ 50%] Meshing curve 90133 (Extruded)
Info    : [ 50%] Meshing curve 90134 (Extruded)
Info    : [ 50%] Meshing curve 90135 (Extruded)
Info    : [ 50%] Meshing curve 90137 (Extruded)
Info    : [ 50%] Meshing curve 90138 (Extruded)
Info    : [ 50%] Meshing curve 90139 (Extruded)
Info    : [ 50%] Meshing curve 90141 (Extruded)
Info    : [ 50%] Meshing curve 90142 (Extruded)
Info    : [ 50%] Meshing curve 90143 (Extruded)
Info    : [ 50%] Meshing curve 90145 (Extruded)
Info    : [ 50%] Meshing curve 90146 (Extruded)
Info    : [ 50%] Meshing curve 90147 (Extruded)
Info    : [ 60%] Meshing curve 90149 (Extruded)
Info    : [ 60%] Meshing curve 90150 (Extruded)
Info    : [ 60%] Meshing curve 90151 (Extruded)
Info    : [ 60%] Meshing curve 90153 (Extruded)
Info    : [ 60%] Meshing curve 90154 (Extruded)
Info    : [ 60%] Meshing curve 90155 (Extruded)
Info    : [ 60%] Meshing curve 90157 (Extruded)
Info    : [ 60%] Meshing curve 90158 (Extruded)
Info    : [ 60%] Meshing curve 90159 (Extruded)
Info    : [ 60%] Meshing curve 90161 (Extruded)
Info    : [ 60%] Meshing curve 90162 (Extruded)
Info    : [ 60%] Meshing curve 90163 (Extruded)
Info    : [ 60%] Meshing curve 90165 (Extruded)
Info    : [ 60%] Meshing curve 90166 (Extruded)
Info    : [ 60%] Meshing curve 90167 (Extruded)
Info    : [ 60%] Meshing curve 90169 (Extruded)
Info    : [ 60%] Meshing curve 90170 (Extruded)
Info    : [ 60%] Meshing curve 90171 (Extruded)
Info    : [ 60%] Meshing curve 90173 (Extruded)
Info    : [ 60%] Meshing curve 90174 (Extruded)
Info    : [ 60%] Meshing curve 90175 (Extruded)
Info    : [ 60%] Meshing curve 90177 (Extruded)
Info    : [ 60%] Meshing curve 90178 (Extruded)
Info    : [ 60%] Meshing curve 90179 (Extruded)
Info    : [ 60%] Meshing curve 90181 (Extruded)
Info    : [ 60%] Meshing curve 90182 (Extruded)
Info    : [ 60%] Meshing curve 90183 (Extruded)
Info    : [ 60%] Meshing curve 90185 (Extruded)
Info    : [ 60%] Meshing curve 90186 (Extruded)
Info    : [ 60%] Meshing curve 90187 (Extruded)
Info    : [ 60%] Meshing curve 90189 (Extruded)
Info    : [ 60%] Meshing curve 90190 (Extruded)
Info    : [ 60%] Meshing curve 90191 (Extruded)
Info    : [ 60%] Meshing curve 90193 (Extruded)
Info    : [ 60%] Meshing curve 90194 (Extruded)
Info    : [ 60%] Meshing curve 90195 (Extruded)
Info    : [ 60%] Meshing curve 90197 (Extruded)
Info    : [ 60%] Meshing curve 90198 (Extruded)
Info    : [ 60%] Meshing curve 90199 (Extruded)
Info    : [ 60%] Meshing curve 90201 (Extruded)
Info    : [ 60%] Meshing curve 90202 (Extruded)
Info    : [ 60%] Meshing curve 90203 (Extruded)
Info    : [ 60%] Meshing curve 90205 (Extruded)
Info    : [ 60%] Meshing curve 90206 (Extruded)
Info    : [ 60%] Meshing curve 90207 (Extruded)
Info    : [ 60%] Meshing curve 90209 (Extruded)
Info    : [ 60%] Meshing curve 90210 (Extruded)
Info    : [ 60%] Meshing curve 90211 (Extruded)
Info    : [ 60%] Meshing curve 90213 (Extruded)
Info    : [ 60%] Meshing curve 90214 (Extruded)
Info    : [ 70%] Meshing curve 90215 (Extruded)
Info    : [ 70%] Meshing curve 90217 (Extruded)
Info    : [ 70%] Meshing curve 90218 (Extruded)
Info    : [ 70%] Meshing curve 90219 (Extruded)
Info    : [ 70%] Meshing curve 90221 (Extruded)
Info    : [ 70%] Meshing curve 90222 (Extruded)
Info    : [ 70%] Meshing curve 90223 (Extruded)
Info    : [ 70%] Meshing curve 90225 (Extruded)
Info    : [ 70%] Meshing curve 90226 (Extruded)
Info    : [ 70%] Meshing curve 90227 (Extruded)
Info    : [ 70%] Meshing curve 90229 (Extruded)
Info    : [ 70%] Meshing curve 90230 (Extruded)
Info    : [ 70%] Meshing curve 90231 (Extruded)
Info    : [ 70%] Meshing curve 90233 (Extruded)
Info    : [ 70%] Meshing curve 90234 (Extruded)
Info    : [ 70%] Meshing curve 90235 (Extruded)
Info    : [ 70%] Meshing curve 90237 (Extruded)
Info    : [ 70%] Meshing curve 90238 (Extruded)
Info    : [ 70%] Meshing curve 90239 (Extruded)
Info    : [ 70%] Meshing curve 90241 (Extruded)
Info    : [ 70%] Meshing curve 90242 (Extruded)
Info    : [ 70%] Meshing curve 90243 (Extruded)
Info    : [ 70%] Meshing curve 90245 (Extruded)
Info    : [ 70%] Meshing curve 90246 (Extruded)
Info    : [ 70%] Meshing curve 90247 (Extruded)
Info    : [ 70%] Meshing curve 90249 (Extruded)
Info    : [ 70%] Meshing curve 90250 (Extruded)
Info    : [ 70%] Meshing curve 90251 (Extruded)
Info    : [ 70%] Meshing curve 90253 (Extruded)
Info    : [ 70%] Meshing curve 90254 (Extruded)
Info    : [ 70%] Meshing curve 90255 (Extruded)
Info    : [ 70%] Meshing curve 90257 (Extruded)
Info    : [ 70%] Meshing curve 90258 (Extruded)
Info    : [ 70%] Meshing curve 90259 (Extruded)
Info    : [ 70%] Meshing curve 90261 (Extruded)
Info    : [ 70%] Meshing curve 90262 (Extruded)
Info    : [ 70%] Meshing curve 90263 (Extruded)
Info    : [ 70%] Meshing curve 90265 (Extruded)
Info    : [ 70%] Meshing curve 90266 (Extruded)
Info    : [ 70%] Meshing curve 90267 (Extruded)
Info    : [ 70%] Meshing curve 90269 (Extruded)
Info    : [ 70%] Meshing curve 90270 (Extruded)
Info    : [ 70%] Meshing curve 90271 (Extruded)
Info    : [ 70%] Meshing curve 90273 (Extruded)
Info    : [ 70%] Meshing curve 90274 (Extruded)
Info    : [ 70%] Meshing curve 90275 (Extruded)
Info    : [ 70%] Meshing curve 90277 (Extruded)
Info    : [ 70%] Meshing curve 90278 (Extruded)
Info    : [ 70%] Meshing curve 90279 (Extruded)
Info    : [ 80%] Meshing curve 90281 (Extruded)
Info    : [ 80%] Meshing curve 90282 (Extruded)
Info    : [ 80%] Meshing curve 90283 (Extruded)
Info    : [ 80%] Meshing curve 90285 (Extruded)
Info    : [ 80%] Meshing curve 90286 (Extruded)
Info    : [ 80%] Meshing curve 90287 (Extruded)
Info    : [ 80%] Meshing curve 90289 (Extruded)
Info    : [ 80%] Meshing curve 90290 (Extruded)
Info    : [ 80%] Meshing curve 90291 (Extruded)
Info    : [ 80%] Meshing curve 90293 (Extruded)
Info    : [ 80%] Meshing curve 90294 (Extruded)
Info    : [ 80%] Meshing curve 90295 (Extruded)
Info    : [ 80%] Meshing curve 90297 (Extruded)
Info    : [ 80%] Meshing curve 90298 (Extruded)
Info    : [ 80%] Meshing curve 90299 (Extruded)
Info    : [ 80%] Meshing curve 90301 (Extruded)
Info    : [ 80%] Meshing curve 90302 (Extruded)
Info    : [ 80%] Meshing curve 90303 (Extruded)
Info    : [ 80%] Meshing curve 90305 (Extruded)
Info    : [ 80%] Meshing curve 90306 (Extruded)
Info    : [ 80%] Meshing curve 90307 (Extruded)
Info    : [ 80%] Meshing curve 90309 (Extruded)
Info    : [ 80%] Meshing curve 90310 (Extruded)
Info    : [ 80%] Meshing curve 90311 (Extruded)
Info    : [ 80%] Meshing curve 90313 (Extruded)
Info    : [ 80%] Meshing curve 90314 (Extruded)
Info    : [ 80%] Meshing curve 90315 (Extruded)
Info    : [ 80%] Meshing curve 90317 (Extruded)
Info    : [ 80%] Meshing curve 90318 (Extruded)
Info    : [ 80%] Meshing curve 90319 (Extruded)
Info    : [ 80%] Meshing curve 90321 (Extruded)
Info    : [ 80%] Meshing curve 90322 (Extruded)
Info    : [ 80%] Meshing curve 90323 (Extruded)
Info    : [ 80%] Meshing curve 90325 (Extruded)
Info    : [ 80%] Meshing curve 90326 (Extruded)
Info    : [ 80%] Meshing curve 90327 (Extruded)
Info    : [ 80%] Meshing curve 90329 (Extruded)
Info    : [ 80%] Meshing curve 90330 (Extruded)
Info    : [ 80%] Meshing curve 90331 (Extruded)
Info    : [ 80%] Meshing curve 90333 (Extruded)
Info    : [ 80%] Meshing curve 90334 (Extruded)
Info    : [ 80%] Meshing curve 90335 (Extruded)
Info    : [ 80%] Meshing curve 90337 (Extruded)
Info    : [ 80%] Meshing curve 90338 (Extruded)
Info    : [ 80%] Meshing curve 90339 (Extruded)
Info    : [ 80%] Meshing curve 90341 (Extruded)
Info    : [ 80%] Meshing curve 90342 (Extruded)
Info    : [ 80%] Meshing curve 90343 (Extruded)
Info    : [ 80%] Meshing curve 90345 (Extruded)
Info    : [ 90%] Meshing curve 90346 (Extruded)
Info    : [ 90%] Meshing curve 90347 (Extruded)
Info    : [ 90%] Meshing curve 90349 (Extruded)
Info    : [ 90%] Meshing curve 90350 (Extruded)
Info    : [ 90%] Meshing curve 90351 (Extruded)
Info    : [ 90%] Meshing curve 90353 (Extruded)
Info    : [ 90%] Meshing curve 90354 (Extruded)
Info    : [ 90%] Meshing curve 90355 (Extruded)
Info    : [ 90%] Meshing curve 90357 (Extruded)
Info    : [ 90%] Meshing curve 90358 (Extruded)
Info    : [ 90%] Meshing curve 90359 (Extruded)
Info    : [ 90%] Meshing curve 90361 (Extruded)
Info    : [ 90%] Meshing curve 90362 (Extruded)
Info    : [ 90%] Meshing curve 90363 (Extruded)
Info    : [ 90%] Meshing curve 90365 (Extruded)
Info    : [ 90%] Meshing curve 90366 (Extruded)
Info    : [ 90%] Meshing curve 90367 (Extruded)
Info    : [ 90%] Meshing curve 90369 (Extruded)
Info    : [ 90%] Meshing curve 90370 (Extruded)
Info    : [ 90%] Meshing curve 90371 (Extruded)
Info    : [ 90%] Meshing curve 90373 (Extruded)
Info    : [ 90%] Meshing curve 90374 (Extruded)
Info    : [ 90%] Meshing curve 90375 (Extruded)
Info    : [ 90%] Meshing curve 90377 (Extruded)
Info    : [ 90%] Meshing curve 90378 (Extruded)
Info    : [ 90%] Meshing curve 90379 (Extruded)
Info    : [ 90%] Meshing curve 90381 (Extruded)
Info    : [ 90%] Meshing curve 90382 (Extruded)
Info    : [ 90%] Meshing curve 90383 (Extruded)
Info    : [ 90%] Meshing curve 90385 (Extruded)
Info    : [ 90%] Meshing curve 90386 (Extruded)
Info    : [ 90%] Meshing curve 90387 (Extruded)
Info    : [ 90%] Meshing curve 90389 (Extruded)
Info    : [ 90%] Meshing curve 90390 (Extruded)
Info    : [ 90%] Meshing curve 90391 (Extruded)
Info    : [ 90%] Meshing curve 90393 (Extruded)
Info    : [ 90%] Meshing curve 90394 (Extruded)
Info    : [ 90%] Meshing curve 90395 (Extruded)
Info    : [ 90%] Meshing curve 90397 (Extruded)
Info    : [ 90%] Meshing curve 90398 (Extruded)
Info    : [ 90%] Meshing curve 90399 (Extruded)
Info    : [ 90%] Meshing curve 90401 (Extruded)
Info    : [ 90%] Meshing curve 90402 (Extruded)
Info    : [ 90%] Meshing curve 90403 (Extruded)
Info    : [ 90%] Meshing curve 90405 (Extruded)
Info    : [ 90%] Meshing curve 90406 (Extruded)
Info    : [ 90%] Meshing curve 90407 (Extruded)
Info    : [ 90%] Meshing curve 90409 (Extruded)
Info    : [ 90%] Meshing curve 90410 (Extruded)
Info    : [100%] Meshing curve 90411 (Extruded)
Info    : [100%] Meshing curve 90413 (Extruded)
Info    : [100%] Meshing curve 90414 (Extruded)
Info    : [100%] Meshing curve 90415 (Extruded)
Info    : [100%] Meshing curve 90417 (Extruded)
Info    : [100%] Meshing curve 90418 (Extruded)
Info    : [100%] Meshing curve 90419 (Extruded)
Info    : [100%] Meshing curve 90421 (Extruded)
Info    : [100%] Meshing curve 90422 (Extruded)
Info    : [100%] Meshing curve 90423 (Extruded)
Info    : [100%] Meshing curve 90425 (Extruded)
Info    : [100%] Meshing curve 90426 (Extruded)
Info    : [100%] Meshing curve 90427 (Extruded)
Info    : [100%] Meshing curve 90429 (Extruded)
Info    : [100%] Meshing curve 90430 (Extruded)
Info    : [100%] Meshing curve 90431 (Extruded)
Info    : [100%] Meshing curve 90433 (Extruded)
Info    : [100%] Meshing curve 90434 (Extruded)
Info    : [100%] Meshing curve 90435 (Extruded)
Info    : [100%] Meshing curve 90437 (Extruded)
Info    : [100%] Meshing curve 90438 (Extruded)
Info    : [100%] Meshing curve 90439 (Extruded)
Info    : [100%] Meshing curve 90441 (Extruded)
Info    : [100%] Meshing curve 90442 (Extruded)
Info    : [100%] Meshing curve 90443 (Extruded)
Info    : [100%] Meshing curve 90445 (Extruded)
Info    : [100%] Meshing curve 90446 (Extruded)
Info    : [100%] Meshing curve 90447 (Extruded)
Info    : [100%] Meshing curve 90449 (Extruded)
Info    : [100%] Meshing curve 90450 (Extruded)
Info    : [100%] Meshing curve 90451 (Extruded)
Info    : [100%] Meshing curve 90453 (Extruded)
Info    : [100%] Meshing curve 90454 (Extruded)
Info    : [100%] Meshing curve 90455 (Extruded)
Info    : [100%] Meshing curve 90457 (Extruded)
Info    : [100%] Meshing curve 90458 (Extruded)
Info    : [100%] Meshing curve 90459 (Extruded)
Info    : [100%] Meshing curve 90461 (Extruded)
Info    : [100%] Meshing curve 90462 (Extruded)
Info    : [100%] Meshing curve 90463 (Extruded)
Info    : [100%] Meshing curve 90465 (Extruded)
Info    : [100%] Meshing curve 90466 (Extruded)
Info    : [100%] Meshing curve 90467 (Extruded)
Info    : [100%] Meshing curve 90469 (Extruded)
Info    : [100%] Meshing curve 90470 (Extruded)
Info    : [100%] Meshing curve 90471 (Extruded)
Info    : [100%] Meshing curve 90473 (Extruded)
Info    : [100%] Meshing curve 90474 (Extruded)
Info    : [100%] Meshing curve 90475 (Extruded)
Info    : Done meshing 1D (Wall 0.0160162s, CPU 0s)
Info    : Meshing 2D...
Info    : [  0%] Meshing surface 1 (Plane, Frontal-Delaunay)
Info    : [ 10%] Meshing surface 133 (Extruded)
Info    : [ 10%] Meshing surface 137 (Extruded)
Info    : [ 10%] Meshing surface 141 (Extruded)
Info    : [ 10%] Meshing surface 145 (Extruded)
Info    : [ 10%] Meshing surface 146 (Extruded)
Info    : [ 10%] Meshing surface 150 (Extruded)
Info    : [ 10%] Meshing surface 90004 (Extruded)
Info    : [ 10%] Meshing surface 90008 (Extruded)
Info    : [ 10%] Meshing surface 90012 (Extruded)
Info    : [ 10%] Meshing surface 90016 (Extruded)
Info    : [ 10%] Meshing surface 90020 (Extruded)
Info    : [ 10%] Meshing surface 90024 (Extruded)
Info    : [ 20%] Meshing surface 90028 (Extruded)
Info    : [ 20%] Meshing surface 90032 (Extruded)
Info    : [ 20%] Meshing surface 90036 (Extruded)
Info    : [ 20%] Meshing surface 90040 (Extruded)
Info    : [ 20%] Meshing surface 90044 (Extruded)
Info    : [ 20%] Meshing surface 90048 (Extruded)
Info    : [ 20%] Meshing surface 90052 (Extruded)
Info    : [ 20%] Meshing surface 90056 (Extruded)
Info    : [ 20%] Meshing surface 90060 (Extruded)
Info    : [ 20%] Meshing surface 90064 (Extruded)
Info    : [ 20%] Meshing surface 90068 (Extruded)
Info    : [ 20%] Meshing surface 90072 (Extruded)
Info    : [ 20%] Meshing surface 90076 (Extruded)
Info    : [ 30%] Meshing surface 90080 (Extruded)
Info    : [ 30%] Meshing surface 90084 (Extruded)
Info    : [ 30%] Meshing surface 90088 (Extruded)
Info    : [ 30%] Meshing surface 90092 (Extruded)
Info    : [ 30%] Meshing surface 90096 (Extruded)
Info    : [ 30%] Meshing surface 90100 (Extruded)
Info    : [ 30%] Meshing surface 90104 (Extruded)
Info    : [ 30%] Meshing surface 90108 (Extruded)
Info    : [ 30%] Meshing surface 90112 (Extruded)
Info    : [ 30%] Meshing surface 90116 (Extruded)
Info    : [ 30%] Meshing surface 90120 (Extruded)
Info    : [ 30%] Meshing surface 90124 (Extruded)
Info    : [ 40%] Meshing surface 90128 (Extruded)
Info    : [ 40%] Meshing surface 90132 (Extruded)
Info    : [ 40%] Meshing surface 90136 (Extruded)
Info    : [ 40%] Meshing surface 90140 (Extruded)
Info    : [ 40%] Meshing surface 90144 (Extruded)
Info    : [ 40%] Meshing surface 90148 (Extruded)
Info    : [ 40%] Meshing surface 90152 (Extruded)
Info    : [ 40%] Meshing surface 90156 (Extruded)
Info    : [ 40%] Meshing surface 90160 (Extruded)
Info    : [ 40%] Meshing surface 90164 (Extruded)
Info    : [ 40%] Meshing surface 90168 (Extruded)
Info    : [ 40%] Meshing surface 90172 (Extruded)
Info    : [ 40%] Meshing surface 90176 (Extruded)
Info    : [ 50%] Meshing surface 90180 (Extruded)
Info    : [ 50%] Meshing surface 90184 (Extruded)
Info    : [ 50%] Meshing surface 90188 (Extruded)
Info    : [ 50%] Meshing surface 90192 (Extruded)
Info    : [ 50%] Meshing surface 90196 (Extruded)
Info    : [ 50%] Meshing surface 90200 (Extruded)
Info    : [ 50%] Meshing surface 90204 (Extruded)
Info    : [ 50%] Meshing surface 90208 (Extruded)
Info    : [ 50%] Meshing surface 90212 (Extruded)
Info    : [ 50%] Meshing surface 90216 (Extruded)
Info    : [ 50%] Meshing surface 90220 (Extruded)
Info    : [ 50%] Meshing surface 90224 (Extruded)
Info    : [ 60%] Meshing surface 90228 (Extruded)
Info    : [ 60%] Meshing surface 90232 (Extruded)
Info    : [ 60%] Meshing surface 90236 (Extruded)
Info    : [ 60%] Meshing surface 90240 (Extruded)
Info    : [ 60%] Meshing surface 90244 (Extruded)
Info    : [ 60%] Meshing surface 90248 (Extruded)
Info    : [ 60%] Meshing surface 90252 (Extruded)
Info    : [ 60%] Meshing surface 90256 (Extruded)
Info    : [ 60%] Meshing surface 90260 (Extruded)
Info    : [ 60%] Meshing surface 90264 (Extruded)
Info    : [ 60%] Meshing surface 90268 (Extruded)
Info    : [ 60%] Meshing surface 90272 (Extruded)
Info    : [ 60%] Meshing surface 90276 (Extruded)
Info    : [ 70%] Meshing surface 90280 (Extruded)
Info    : [ 70%] Meshing surface 90284 (Extruded)
Info    : [ 70%] Meshing surface 90288 (Extruded)
Info    : [ 70%] Meshing surface 90292 (Extruded)
Info    : [ 70%] Meshing surface 90296 (Extruded)
Info    : [ 70%] Meshing surface 90300 (Extruded)
Info    : [ 70%] Meshing surface 90304 (Extruded)
Info    : [ 70%] Meshing surface 90308 (Extruded)
Info    : [ 70%] Meshing surface 90312 (Extruded)
Info    : [ 70%] Meshing surface 90316 (Extruded)
Info    : [ 70%] Meshing surface 90320 (Extruded)
Info    : [ 70%] Meshing surface 90324 (Extruded)
Info    : [ 70%] Meshing surface 90328 (Extruded)
Info    : [ 80%] Meshing surface 90332 (Extruded)
Info    : [ 80%] Meshing surface 90336 (Extruded)
Info    : [ 80%] Meshing surface 90340 (Extruded)
Info    : [ 80%] Meshing surface 90344 (Extruded)
Info    : [ 80%] Meshing surface 90348 (Extruded)
Info    : [ 80%] Meshing surface 90352 (Extruded)
Info    : [ 80%] Meshing surface 90356 (Extruded)
Info    : [ 80%] Meshing surface 90360 (Extruded)
Info    : [ 80%] Meshing surface 90364 (Extruded)
Info    : [ 80%] Meshing surface 90368 (Extruded)
Info    : [ 80%] Meshing surface 90372 (Extruded)
Info    : [ 80%] Meshing surface 90376 (Extruded)
Info    : [ 90%] Meshing surface 90380 (Extruded)
Info    : [ 90%] Meshing surface 90384 (Extruded)
Info    : [ 90%] Meshing surface 90388 (Extruded)
Info    : [ 90%] Meshing surface 90392 (Extruded)
Info    : [ 90%] Meshing surface 90396 (Extruded)
Info    : [ 90%] Meshing surface 90400 (Extruded)
Info    : [ 90%] Meshing surface 90404 (Extruded)
Info    : [ 90%] Meshing surface 90408 (Extruded)
Info    : [ 90%] Meshing surface 90412 (Extruded)
Info    : [ 90%] Meshing surface 90416 (Extruded)
Info    : [ 90%] Meshing surface 90420 (Extruded)
Info    : [ 90%] Meshing surface 90424 (Extruded)
Info    : [ 90%] Meshing surface 90428 (Extruded)
Info    : [100%] Meshing surface 90432 (Extruded)
Info    : [100%] Meshing surface 90436 (Extruded)
Info    : [100%] Meshing surface 90440 (Extruded)
Info    : [100%] Meshing surface 90444 (Extruded)
Info    : [100%] Meshing surface 90448 (Extruded)
Info    : [100%] Meshing surface 90452 (Extruded)
Info    : [100%] Meshing surface 90456 (Extruded)
Info    : [100%] Meshing surface 90460 (Extruded)
Info    : [100%] Meshing surface 90464 (Extruded)
Info    : [100%] Meshing surface 90468 (Extruded)
Info    : [100%] Meshing surface 90472 (Extruded)
Info    : [100%] Meshing surface 90476 (Extruded)
Info    : Done meshing 2D (Wall 1.06925s, CPU 0.9375s)
Info    : Meshing 3D...
Info    : Meshing volume 1 (Extruded)
Info    : Done meshing 3D (Wall 0.663911s, CPU 0.59375s)
Info    : Optimizing mesh...
Info    : Done optimizing mesh (Wall 0.00178003s, CPU 0s)
Info    : 47547 nodes 143007 elements
Info    : Removing duplicate mesh nodes...
Info    : Found 3057 duplicate nodes 
Info    : Removed 3057 duplicate mesh nodes
Info    : Done removing duplicate mesh nodes
Info    : Done reading 'meshes\output_raw_lc_25.geo'
Info    : Writing 'meshes\output_raw_lc_25.msh'...
Info    : Done writing 'meshes\output_raw_lc_25.msh'
Info    : Stopped on Thu Oct 16 22:59:57 2025 (From start: Wall 2.33647s, CPU 2.01562s)
