Info    : Running 'C:\Users\luis_\Codigo\Darts_new\Darts_enviro_new\Scripts\gmsh.bat\..\gmsh meshes\output_mergefac_0.86_clean_lc_200.geo -o meshes\output_mergefac_0.86_clean_lc_200.msh -save' [Gmsh 4.13.0, 1 node, max. 1 thread]
Info    : Started on Thu Oct 16 14:51:52 2025
Info    : Reading 'meshes\output_mergefac_0.86_clean_lc_200.geo'...
Info    : Meshing 1D...
Info    : [  0%] Meshing curve 1 (Line)
Info    : [ 10%] Meshing curve 2 (Line)
Info    : [ 10%] Meshing curve 3 (Line)
Info    : [ 10%] Meshing curve 4 (Line)
Info    : [ 10%] Meshing curve 5 (Line)
Info    : [ 10%] Meshing curve 6 (Line)
Info    : [ 20%] Meshing curve 7 (Line)
Info    : [ 20%] Meshing curve 8 (Line)
Info    : [ 20%] Meshing curve 9 (Line)
Info    : [ 20%] Meshing curve 10 (Line)
Info    : [ 20%] Meshing curve 11 (Line)
Info    : [ 30%] Meshing curve 12 (Line)
Info    : [ 30%] Meshing curve 13 (Line)
Info    : [ 30%] Meshing curve 14 (Line)
Info    : [ 30%] Meshing curve 15 (Line)
Info    : [ 30%] Meshing curve 16 (Line)
Info    : [ 30%] Meshing curve 17 (Line)
Info    : [ 40%] Meshing curve 19 (Extruded)
Info    : [ 40%] Meshing curve 20 (Extruded)
Info    : [ 40%] Meshing curve 21 (Extruded)
Info    : [ 40%] Meshing curve 22 (Extruded)
Info    : [ 40%] Meshing curve 24 (Extruded)
Info    : [ 50%] Meshing curve 25 (Extruded)
Info    : [ 50%] Meshing curve 29 (Extruded)
Info    : [ 50%] Meshing curve 33 (Extruded)
Info    : [ 50%] Meshing curve 40 (Extruded)
Info    : [ 50%] Meshing curve 41 (Extruded)
Info    : [ 50%] Meshing curve 42 (Extruded)
Info    : [ 60%] Meshing curve 90001 (Extruded)
Info    : [ 60%] Meshing curve 90003 (Extruded)
Info    : [ 60%] Meshing curve 90005 (Extruded)
Info    : [ 60%] Meshing curve 90006 (Extruded)
Info    : [ 60%] Meshing curve 90007 (Extruded)
Info    : [ 70%] Meshing curve 90009 (Extruded)
Info    : [ 70%] Meshing curve 90013 (Extruded)
Info    : [ 70%] Meshing curve 90014 (Extruded)
Info    : [ 70%] Meshing curve 90015 (Extruded)
Info    : [ 70%] Meshing curve 90017 (Extruded)
Info    : [ 70%] Meshing curve 90018 (Extruded)
Info    : [ 80%] Meshing curve 90019 (Extruded)
Info    : [ 80%] Meshing curve 90021 (Extruded)
Info    : [ 80%] Meshing curve 90023 (Extruded)
Info    : [ 80%] Meshing curve 90025 (Extruded)
Info    : [ 80%] Meshing curve 90026 (Extruded)
Info    : [ 90%] Meshing curve 90027 (Extruded)
Info    : [ 90%] Meshing curve 90029 (Extruded)
Info    : [ 90%] Meshing curve 90033 (Extruded)
Info    : [ 90%] Meshing curve 90035 (Extruded)
Info    : [ 90%] Meshing curve 90037 (Extruded)
Info    : [ 90%] Meshing curve 90039 (Extruded)
Info    : [100%] Meshing curve 90041 (Extruded)
Info    : [100%] Meshing curve 90042 (Extruded)
Info    : [100%] Meshing curve 90043 (Extruded)
Info    : [100%] Meshing curve 90045 (Extruded)
Info    : [100%] Meshing curve 90046 (Extruded)
Info    : Done meshing 1D (Wall 0.0078702s, CPU 0s)
Info    : Meshing 2D...
Info    : [  0%] Meshing surface 1 (Plane, Frontal-Delaunay)
Info    : [ 10%] Meshing surface 26 (Extruded)
Info    : [ 20%] Meshing surface 30 (Extruded)
Info    : [ 20%] Meshing surface 34 (Extruded)
Info    : [ 30%] Meshing surface 38 (Extruded)
Info    : [ 30%] Meshing surface 39 (Extruded)
Info    : [ 40%] Meshing surface 43 (Extruded)
Info    : [ 40%] Meshing surface 90004 (Extruded)
Info    : [ 50%] Meshing surface 90008 (Extruded)
Info    : [ 50%] Meshing surface 90012 (Extruded)
Info    : [ 60%] Meshing surface 90016 (Extruded)
Info    : [ 60%] Meshing surface 90020 (Extruded)
Info    : [ 70%] Meshing surface 90024 (Extruded)
Info    : [ 70%] Meshing surface 90028 (Extruded)
Info    : [ 80%] Meshing surface 90032 (Extruded)
Info    : [ 80%] Meshing surface 90036 (Extruded)
Info    : [ 90%] Meshing surface 90040 (Extruded)
Info    : [ 90%] Meshing surface 90044 (Extruded)
Info    : [100%] Meshing surface 90048 (Extruded)
Info    : Done meshing 2D (Wall 0.040977s, CPU 0s)
Info    : Meshing 3D...
Info    : Meshing volume 1 (Extruded)
Info    : Done meshing 3D (Wall 0.0167482s, CPU 0s)
Info    : Optimizing mesh...
Info    : Done optimizing mesh (Wall 4.50611e-05s, CPU 0s)
Info    : 1333 nodes 4044 elements
Info    : Removing duplicate mesh nodes...
Info    : Found 37 duplicate nodes 
Info    : Removed 37 duplicate mesh nodes
Info    : Done removing duplicate mesh nodes
Info    : Done reading 'meshes\output_mergefac_0.86_clean_lc_200.geo'
Info    : Writing 'meshes\output_mergefac_0.86_clean_lc_200.msh'...
Info    : Done writing 'meshes\output_mergefac_0.86_clean_lc_200.msh'
Info    : Stopped on Thu Oct 16 14:51:52 2025 (From start: Wall 0.097029s, CPU 0.0625s)
