Info    : Running 'C:\Users\luis_\Codigo\Darts_new\Darts_enviro_new\Scripts\gmsh.bat\..\gmsh meshes\output_raw_lc_200.geo -o meshes\output_raw_lc_200.msh -save' [Gmsh 4.13.0, 1 node, max. 1 thread]
Info    : Started on Thu Oct 09 02:35:03 2025
Info    : Reading 'meshes\output_raw_lc_200.geo'...
Info    : Meshing 1D...
Info    : [  0%] Meshing curve 1 (Line)
Info    : [ 10%] Meshing curve 2 (Line)
Info    : [ 10%] Meshing curve 3 (Line)
Info    : [ 10%] Meshing curve 4 (Line)
Info    : [ 10%] Meshing curve 5 (Line)
Info    : [ 20%] Meshing curve 6 (Line)
Info    : [ 20%] Meshing curve 7 (Line)
Info    : [ 20%] Meshing curve 8 (Line)
Info    : [ 20%] Meshing curve 9 (Line)
Info    : [ 20%] Meshing curve 10 (Line)
Info    : [ 30%] Meshing curve 11 (Line)
Info    : [ 30%] Meshing curve 12 (Line)
Info    : [ 30%] Meshing curve 13 (Line)
Info    : [ 30%] Meshing curve 14 (Line)
Info    : [ 30%] Meshing curve 15 (Line)
Info    : [ 40%] Meshing curve 17 (Extruded)
Info    : [ 40%] Meshing curve 18 (Extruded)
Info    : [ 40%] Meshing curve 19 (Extruded)
Info    : [ 40%] Meshing curve 20 (Extruded)
Info    : [ 40%] Meshing curve 22 (Extruded)
Info    : [ 50%] Meshing curve 23 (Extruded)
Info    : [ 50%] Meshing curve 27 (Extruded)
Info    : [ 50%] Meshing curve 31 (Extruded)
Info    : [ 50%] Meshing curve 38 (Extruded)
Info    : [ 50%] Meshing curve 39 (Extruded)
Info    : [ 60%] Meshing curve 40 (Extruded)
Info    : [ 60%] Meshing curve 90001 (Extruded)
Info    : [ 60%] Meshing curve 90002 (Extruded)
Info    : [ 60%] Meshing curve 90003 (Extruded)
Info    : [ 60%] Meshing curve 90005 (Extruded)
Info    : [ 70%] Meshing curve 90006 (Extruded)
Info    : [ 70%] Meshing curve 90007 (Extruded)
Info    : [ 70%] Meshing curve 90009 (Extruded)
Info    : [ 70%] Meshing curve 90010 (Extruded)
Info    : [ 70%] Meshing curve 90013 (Extruded)
Info    : [ 80%] Meshing curve 90014 (Extruded)
Info    : [ 80%] Meshing curve 90015 (Extruded)
Info    : [ 80%] Meshing curve 90017 (Extruded)
Info    : [ 80%] Meshing curve 90018 (Extruded)
Info    : [ 80%] Meshing curve 90019 (Extruded)
Info    : [ 90%] Meshing curve 90021 (Extruded)
Info    : [ 90%] Meshing curve 90023 (Extruded)
Info    : [ 90%] Meshing curve 90025 (Extruded)
Info    : [ 90%] Meshing curve 90027 (Extruded)
Info    : [ 90%] Meshing curve 90029 (Extruded)
Info    : [100%] Meshing curve 90031 (Extruded)
Info    : [100%] Meshing curve 90033 (Extruded)
Info    : [100%] Meshing curve 90035 (Extruded)
Info    : [100%] Meshing curve 90037 (Extruded)
Info    : [100%] Meshing curve 90039 (Extruded)
Info    : Done meshing 1D (Wall 0.00592995s, CPU 0s)
Info    : Meshing 2D...
Info    : [  0%] Meshing surface 1 (Plane, Frontal-Delaunay)
Info    : [ 10%] Meshing surface 24 (Extruded)
Info    : [ 20%] Meshing surface 28 (Extruded)
Info    : [ 20%] Meshing surface 32 (Extruded)
Info    : [ 30%] Meshing surface 36 (Extruded)
Info    : [ 30%] Meshing surface 37 (Extruded)
Info    : [ 40%] Meshing surface 41 (Extruded)
Info    : [ 50%] Meshing surface 90004 (Extruded)
Info    : [ 50%] Meshing surface 90008 (Extruded)
Info    : [ 60%] Meshing surface 90012 (Extruded)
Info    : [ 60%] Meshing surface 90016 (Extruded)
Info    : [ 70%] Meshing surface 90020 (Extruded)
Info    : [ 80%] Meshing surface 90024 (Extruded)
Info    : [ 80%] Meshing surface 90028 (Extruded)
Info    : [ 90%] Meshing surface 90032 (Extruded)
Info    : [ 90%] Meshing surface 90036 (Extruded)
Info    : [100%] Meshing surface 90040 (Extruded)
Info    : Done meshing 2D (Wall 0.024775s, CPU 0.015625s)
Info    : Meshing 3D...
Info    : Meshing volume 1 (Extruded)
Info    : Done meshing 3D (Wall 0.00973105s, CPU 0s)
Info    : Optimizing mesh...
Info    : Done optimizing mesh (Wall 2.69413e-05s, CPU 0s)
Info    : 1363 nodes 4128 elements
Info    : Removing duplicate mesh nodes...
Info    : Found 43 duplicate nodes 
Info    : Removed 43 duplicate mesh nodes
Info    : Done removing duplicate mesh nodes
Info    : Done reading 'meshes\output_raw_lc_200.geo'
Info    : Writing 'meshes\output_raw_lc_200.msh'...
Info    : Done writing 'meshes\output_raw_lc_200.msh'
Info    : Stopped on Thu Oct 09 02:35:03 2025 (From start: Wall 0.0569439s, CPU 0.078125s)
