Info    : Running 'C:\Users\luis_\Codigo\Darts_new\Darts_enviro_new\Scripts\gmsh.bat\..\gmsh meshes\output_raw_lc_80.geo -o meshes\output_raw_lc_80.msh -save' [Gmsh 4.13.0, 1 node, max. 1 thread]
Info    : Started on Wed Oct 08 14:49:59 2025
Info    : Reading 'meshes\output_raw_lc_80.geo'...
Info    : Meshing 1D...
Info    : [  0%] Meshing curve 1 (Line)
Info    : [ 10%] Meshing curve 2 (Line)
Info    : [ 20%] Meshing curve 3 (Line)
Info    : [ 20%] Meshing curve 4 (Line)
Info    : [ 30%] Meshing curve 5 (Line)
Info    : [ 30%] Meshing curve 6 (Line)
Info    : [ 40%] Meshing curve 8 (Extruded)
Info    : [ 40%] Meshing curve 9 (Extruded)
Info    : [ 50%] Meshing curve 10 (Extruded)
Info    : [ 50%] Meshing curve 11 (Extruded)
Info    : [ 60%] Meshing curve 13 (Extruded)
Info    : [ 60%] Meshing curve 14 (Extruded)
Info    : [ 70%] Meshing curve 18 (Extruded)
Info    : [ 70%] Meshing curve 22 (Extruded)
Info    : [ 80%] Meshing curve 29 (Extruded)
Info    : [ 80%] Meshing curve 30 (Extruded)
Info    : [ 90%] Meshing curve 31 (Extruded)
Info    : [ 90%] Meshing curve 90001 (Extruded)
Info    : [100%] Meshing curve 90002 (Extruded)
Info    : [100%] Meshing curve 90003 (Extruded)
Info    : Done meshing 1D (Wall 0.00230718s, CPU 0s)
Info    : Meshing 2D...
Info    : [  0%] Meshing surface 1 (Plane, Frontal-Delaunay)
Info    : [ 20%] Meshing surface 15 (Extruded)
Info    : [ 30%] Meshing surface 19 (Extruded)
Info    : [ 40%] Meshing surface 23 (Extruded)
Info    : [ 60%] Meshing surface 27 (Extruded)
Info    : [ 70%] Meshing surface 28 (Extruded)
Info    : [ 80%] Meshing surface 32 (Extruded)
Info    : [ 90%] Meshing surface 90004 (Extruded)
Info    : Done meshing 2D (Wall 0.121662s, CPU 0.109375s)
Info    : Meshing 3D...
Info    : Meshing volume 1 (Extruded)
Info    : Done meshing 3D (Wall 0.0550449s, CPU 0.03125s)
Info    : Optimizing mesh...
Info    : Done optimizing mesh (Wall 0.000169754s, CPU 0s)
Info    : 6235 nodes 18717 elements
Info    : Removing duplicate mesh nodes...
Info    : Found 61 duplicate nodes 
Info    : Removed 61 duplicate mesh nodes
Info    : Done removing duplicate mesh nodes
Info    : Done reading 'meshes\output_raw_lc_80.geo'
Info    : Writing 'meshes\output_raw_lc_80.msh'...
Info    : Done writing 'meshes\output_raw_lc_80.msh'
Info    : Stopped on Wed Oct 08 14:49:59 2025 (From start: Wall 0.231635s, CPU 0.203125s)
