Info    : Running 'C:\Users\luis_\Codigo\Darts_new\Darts_enviro_new\Scripts\gmsh.bat\..\gmsh meshes\output_mergefac_0.66_clean_lc_80.geo -o meshes\output_mergefac_0.66_clean_lc_80.msh -save' [Gmsh 4.13.0, 1 node, max. 1 thread]
Info    : Started on Wed Oct 08 14:49:58 2025
Info    : Reading 'meshes\output_mergefac_0.66_clean_lc_80.geo'...
Info    : Meshing 1D...
Info    : [  0%] Meshing curve 1 (Line)
Info    : [ 10%] Meshing curve 2 (Line)
Info    : [ 10%] Meshing curve 3 (Line)
Info    : [ 10%] Meshing curve 4 (Line)
Info    : [ 10%] Meshing curve 5 (Line)
Info    : [ 10%] Meshing curve 6 (Line)
Info    : [ 10%] Meshing curve 7 (Line)
Info    : [ 10%] Meshing curve 8 (Line)
Info    : [ 10%] Meshing curve 9 (Line)
Info    : [ 10%] Meshing curve 10 (Line)
Info    : [ 10%] Meshing curve 11 (Line)
Info    : [ 10%] Meshing curve 12 (Line)
Info    : [ 10%] Meshing curve 13 (Line)
Info    : [ 10%] Meshing curve 14 (Line)
Info    : [ 10%] Meshing curve 15 (Line)
Info    : [ 10%] Meshing curve 16 (Line)
Info    : [ 10%] Meshing curve 17 (Line)
Info    : [ 10%] Meshing curve 18 (Line)
Info    : [ 10%] Meshing curve 19 (Line)
Info    : [ 20%] Meshing curve 20 (Line)
Info    : [ 20%] Meshing curve 21 (Line)
Info    : [ 20%] Meshing curve 22 (Line)
Info    : [ 20%] Meshing curve 23 (Line)
Info    : [ 20%] Meshing curve 24 (Line)
Info    : [ 20%] Meshing curve 25 (Line)
Info    : [ 20%] Meshing curve 26 (Line)
Info    : [ 20%] Meshing curve 27 (Line)
Info    : [ 20%] Meshing curve 28 (Line)
Info    : [ 20%] Meshing curve 29 (Line)
Info    : [ 20%] Meshing curve 30 (Line)
Info    : [ 20%] Meshing curve 31 (Line)
Info    : [ 20%] Meshing curve 32 (Line)
Info    : [ 20%] Meshing curve 33 (Line)
Info    : [ 20%] Meshing curve 34 (Line)
Info    : [ 20%] Meshing curve 35 (Line)
Info    : [ 20%] Meshing curve 36 (Line)
Info    : [ 20%] Meshing curve 37 (Line)
Info    : [ 20%] Meshing curve 38 (Line)
Info    : [ 30%] Meshing curve 39 (Line)
Info    : [ 30%] Meshing curve 40 (Line)
Info    : [ 30%] Meshing curve 41 (Line)
Info    : [ 30%] Meshing curve 42 (Line)
Info    : [ 30%] Meshing curve 43 (Line)
Info    : [ 30%] Meshing curve 44 (Line)
Info    : [ 30%] Meshing curve 45 (Line)
Info    : [ 30%] Meshing curve 46 (Line)
Info    : [ 30%] Meshing curve 47 (Line)
Info    : [ 30%] Meshing curve 48 (Line)
Info    : [ 30%] Meshing curve 49 (Line)
Info    : [ 30%] Meshing curve 50 (Line)
Info    : [ 30%] Meshing curve 51 (Line)
Info    : [ 30%] Meshing curve 52 (Line)
Info    : [ 30%] Meshing curve 53 (Line)
Info    : [ 30%] Meshing curve 54 (Line)
Info    : [ 30%] Meshing curve 55 (Line)
Info    : [ 30%] Meshing curve 56 (Line)
Info    : [ 30%] Meshing curve 57 (Line)
Info    : [ 40%] Meshing curve 58 (Line)
Info    : [ 40%] Meshing curve 59 (Line)
Info    : [ 40%] Meshing curve 60 (Line)
Info    : [ 40%] Meshing curve 61 (Line)
Info    : [ 40%] Meshing curve 62 (Line)
Info    : [ 40%] Meshing curve 64 (Extruded)
Info    : [ 40%] Meshing curve 65 (Extruded)
Info    : [ 40%] Meshing curve 66 (Extruded)
Info    : [ 40%] Meshing curve 67 (Extruded)
Info    : [ 40%] Meshing curve 69 (Extruded)
Info    : [ 40%] Meshing curve 70 (Extruded)
Info    : [ 40%] Meshing curve 74 (Extruded)
Info    : [ 40%] Meshing curve 78 (Extruded)
Info    : [ 40%] Meshing curve 85 (Extruded)
Info    : [ 40%] Meshing curve 86 (Extruded)
Info    : [ 40%] Meshing curve 87 (Extruded)
Info    : [ 40%] Meshing curve 90001 (Extruded)
Info    : [ 40%] Meshing curve 90003 (Extruded)
Info    : [ 50%] Meshing curve 90005 (Extruded)
Info    : [ 50%] Meshing curve 90007 (Extruded)
Info    : [ 50%] Meshing curve 90009 (Extruded)
Info    : [ 50%] Meshing curve 90011 (Extruded)
Info    : [ 50%] Meshing curve 90013 (Extruded)
Info    : [ 50%] Meshing curve 90015 (Extruded)
Info    : [ 50%] Meshing curve 90017 (Extruded)
Info    : [ 50%] Meshing curve 90019 (Extruded)
Info    : [ 50%] Meshing curve 90021 (Extruded)
Info    : [ 50%] Meshing curve 90023 (Extruded)
Info    : [ 50%] Meshing curve 90025 (Extruded)
Info    : [ 50%] Meshing curve 90027 (Extruded)
Info    : [ 50%] Meshing curve 90029 (Extruded)
Info    : [ 50%] Meshing curve 90031 (Extruded)
Info    : [ 50%] Meshing curve 90033 (Extruded)
Info    : [ 50%] Meshing curve 90035 (Extruded)
Info    : [ 50%] Meshing curve 90037 (Extruded)
Info    : [ 50%] Meshing curve 90039 (Extruded)
Info    : [ 50%] Meshing curve 90041 (Extruded)
Info    : [ 60%] Meshing curve 90043 (Extruded)
Info    : [ 60%] Meshing curve 90045 (Extruded)
Info    : [ 60%] Meshing curve 90047 (Extruded)
Info    : [ 60%] Meshing curve 90049 (Extruded)
Info    : [ 60%] Meshing curve 90051 (Extruded)
Info    : [ 60%] Meshing curve 90053 (Extruded)
Info    : [ 60%] Meshing curve 90055 (Extruded)
Info    : [ 60%] Meshing curve 90057 (Extruded)
Info    : [ 60%] Meshing curve 90059 (Extruded)
Info    : [ 60%] Meshing curve 90061 (Extruded)
Info    : [ 60%] Meshing curve 90063 (Extruded)
Info    : [ 60%] Meshing curve 90065 (Extruded)
Info    : [ 60%] Meshing curve 90067 (Extruded)
Info    : [ 60%] Meshing curve 90069 (Extruded)
Info    : [ 60%] Meshing curve 90071 (Extruded)
Info    : [ 60%] Meshing curve 90073 (Extruded)
Info    : [ 60%] Meshing curve 90075 (Extruded)
Info    : [ 60%] Meshing curve 90077 (Extruded)
Info    : [ 60%] Meshing curve 90079 (Extruded)
Info    : [ 70%] Meshing curve 90081 (Extruded)
Info    : [ 70%] Meshing curve 90083 (Extruded)
Info    : [ 70%] Meshing curve 90085 (Extruded)
Info    : [ 70%] Meshing curve 90087 (Extruded)
Info    : [ 70%] Meshing curve 90089 (Extruded)
Info    : [ 70%] Meshing curve 90091 (Extruded)
Info    : [ 70%] Meshing curve 90093 (Extruded)
Info    : [ 70%] Meshing curve 90095 (Extruded)
Info    : [ 70%] Meshing curve 90097 (Extruded)
Info    : [ 70%] Meshing curve 90099 (Extruded)
Info    : [ 70%] Meshing curve 90101 (Extruded)
Info    : [ 70%] Meshing curve 90103 (Extruded)
Info    : [ 70%] Meshing curve 90105 (Extruded)
Info    : [ 70%] Meshing curve 90107 (Extruded)
Info    : [ 70%] Meshing curve 90109 (Extruded)
Info    : [ 70%] Meshing curve 90111 (Extruded)
Info    : [ 70%] Meshing curve 90113 (Extruded)
Info    : [ 70%] Meshing curve 90115 (Extruded)
Info    : [ 80%] Meshing curve 90117 (Extruded)
Info    : [ 80%] Meshing curve 90119 (Extruded)
Info    : [ 80%] Meshing curve 90121 (Extruded)
Info    : [ 80%] Meshing curve 90123 (Extruded)
Info    : [ 80%] Meshing curve 90125 (Extruded)
Info    : [ 80%] Meshing curve 90127 (Extruded)
Info    : [ 80%] Meshing curve 90129 (Extruded)
Info    : [ 80%] Meshing curve 90131 (Extruded)
Info    : [ 80%] Meshing curve 90133 (Extruded)
Info    : [ 80%] Meshing curve 90135 (Extruded)
Info    : [ 80%] Meshing curve 90137 (Extruded)
Info    : [ 80%] Meshing curve 90138 (Extruded)
Info    : [ 80%] Meshing curve 90139 (Extruded)
Info    : [ 80%] Meshing curve 90141 (Extruded)
Info    : [ 80%] Meshing curve 90143 (Extruded)
Info    : [ 80%] Meshing curve 90145 (Extruded)
Info    : [ 80%] Meshing curve 90147 (Extruded)
Info    : [ 80%] Meshing curve 90149 (Extruded)
Info    : [ 80%] Meshing curve 90151 (Extruded)
Info    : [ 90%] Meshing curve 90153 (Extruded)
Info    : [ 90%] Meshing curve 90155 (Extruded)
Info    : [ 90%] Meshing curve 90157 (Extruded)
Info    : [ 90%] Meshing curve 90159 (Extruded)
Info    : [ 90%] Meshing curve 90161 (Extruded)
Info    : [ 90%] Meshing curve 90163 (Extruded)
Info    : [ 90%] Meshing curve 90165 (Extruded)
Info    : [ 90%] Meshing curve 90167 (Extruded)
Info    : [ 90%] Meshing curve 90169 (Extruded)
Info    : [ 90%] Meshing curve 90171 (Extruded)
Info    : [ 90%] Meshing curve 90173 (Extruded)
Info    : [ 90%] Meshing curve 90175 (Extruded)
Info    : [ 90%] Meshing curve 90177 (Extruded)
Info    : [ 90%] Meshing curve 90179 (Extruded)
Info    : [ 90%] Meshing curve 90181 (Extruded)
Info    : [ 90%] Meshing curve 90183 (Extruded)
Info    : [ 90%] Meshing curve 90185 (Extruded)
Info    : [ 90%] Meshing curve 90187 (Extruded)
Info    : [ 90%] Meshing curve 90189 (Extruded)
Info    : [100%] Meshing curve 90193 (Extruded)
Info    : [100%] Meshing curve 90195 (Extruded)
Info    : [100%] Meshing curve 90197 (Extruded)
Info    : [100%] Meshing curve 90199 (Extruded)
Info    : [100%] Meshing curve 90201 (Extruded)
Info    : [100%] Meshing curve 90203 (Extruded)
Info    : [100%] Meshing curve 90205 (Extruded)
Info    : [100%] Meshing curve 90207 (Extruded)
Info    : [100%] Meshing curve 90209 (Extruded)
Info    : [100%] Meshing curve 90211 (Extruded)
Info    : [100%] Meshing curve 90213 (Extruded)
Info    : [100%] Meshing curve 90215 (Extruded)
Info    : [100%] Meshing curve 90217 (Extruded)
Info    : [100%] Meshing curve 90219 (Extruded)
Info    : [100%] Meshing curve 90221 (Extruded)
Info    : [100%] Meshing curve 90223 (Extruded)
Info    : [100%] Meshing curve 90225 (Extruded)
Info    : [100%] Meshing curve 90227 (Extruded)
Info    : Done meshing 1D (Wall 0.0091629s, CPU 0s)
Info    : Meshing 2D...
Info    : [  0%] Meshing surface 1 (Plane, Frontal-Delaunay)
Info    : [ 10%] Meshing surface 71 (Extruded)
Info    : [ 10%] Meshing surface 75 (Extruded)
Info    : [ 10%] Meshing surface 79 (Extruded)
Info    : [ 10%] Meshing surface 83 (Extruded)
Info    : [ 10%] Meshing surface 84 (Extruded)
Info    : [ 10%] Meshing surface 88 (Extruded)
Info    : [ 20%] Meshing surface 90004 (Extruded)
Info    : [ 20%] Meshing surface 90008 (Extruded)
Info    : [ 20%] Meshing surface 90012 (Extruded)
Info    : [ 20%] Meshing surface 90016 (Extruded)
Info    : [ 20%] Meshing surface 90020 (Extruded)
Info    : [ 20%] Meshing surface 90024 (Extruded)
Info    : [ 30%] Meshing surface 90028 (Extruded)
Info    : [ 30%] Meshing surface 90032 (Extruded)
Info    : [ 30%] Meshing surface 90036 (Extruded)
Info    : [ 30%] Meshing surface 90040 (Extruded)
Info    : [ 30%] Meshing surface 90044 (Extruded)
Info    : [ 30%] Meshing surface 90048 (Extruded)
Info    : [ 30%] Meshing surface 90052 (Extruded)
Info    : [ 40%] Meshing surface 90056 (Extruded)
Info    : [ 40%] Meshing surface 90060 (Extruded)
Info    : [ 40%] Meshing surface 90064 (Extruded)
Info    : [ 40%] Meshing surface 90068 (Extruded)
Info    : [ 40%] Meshing surface 90072 (Extruded)
Info    : [ 40%] Meshing surface 90076 (Extruded)
Info    : [ 50%] Meshing surface 90080 (Extruded)
Info    : [ 50%] Meshing surface 90084 (Extruded)
Info    : [ 50%] Meshing surface 90088 (Extruded)
Info    : [ 50%] Meshing surface 90092 (Extruded)
Info    : [ 50%] Meshing surface 90096 (Extruded)
Info    : [ 50%] Meshing surface 90100 (Extruded)
Info    : [ 60%] Meshing surface 90104 (Extruded)
Info    : [ 60%] Meshing surface 90108 (Extruded)
Info    : [ 60%] Meshing surface 90112 (Extruded)
Info    : [ 60%] Meshing surface 90116 (Extruded)
Info    : [ 60%] Meshing surface 90120 (Extruded)
Info    : [ 60%] Meshing surface 90124 (Extruded)
Info    : [ 60%] Meshing surface 90128 (Extruded)
Info    : [ 70%] Meshing surface 90132 (Extruded)
Info    : [ 70%] Meshing surface 90136 (Extruded)
Info    : [ 70%] Meshing surface 90140 (Extruded)
Info    : [ 70%] Meshing surface 90144 (Extruded)
Info    : [ 70%] Meshing surface 90148 (Extruded)
Info    : [ 70%] Meshing surface 90152 (Extruded)
Info    : [ 80%] Meshing surface 90156 (Extruded)
Info    : [ 80%] Meshing surface 90160 (Extruded)
Info    : [ 80%] Meshing surface 90164 (Extruded)
Info    : [ 80%] Meshing surface 90168 (Extruded)
Info    : [ 80%] Meshing surface 90172 (Extruded)
Info    : [ 80%] Meshing surface 90176 (Extruded)
Info    : [ 80%] Meshing surface 90180 (Extruded)
Info    : [ 90%] Meshing surface 90184 (Extruded)
Info    : [ 90%] Meshing surface 90188 (Extruded)
Info    : [ 90%] Meshing surface 90192 (Extruded)
Info    : [ 90%] Meshing surface 90196 (Extruded)
Info    : [ 90%] Meshing surface 90200 (Extruded)
Info    : [ 90%] Meshing surface 90204 (Extruded)
Info    : [100%] Meshing surface 90208 (Extruded)
Info    : [100%] Meshing surface 90212 (Extruded)
Info    : [100%] Meshing surface 90216 (Extruded)
Info    : [100%] Meshing surface 90220 (Extruded)
Info    : [100%] Meshing surface 90224 (Extruded)
Info    : [100%] Meshing surface 90228 (Extruded)
Info    : Done meshing 2D (Wall 0.189505s, CPU 0.109375s)
Info    : Meshing 3D...
Info    : Meshing volume 1 (Extruded)
Info    : Done meshing 3D (Wall 0.101669s, CPU 0.09375s)
Info    : Optimizing mesh...
Info    : Done optimizing mesh (Wall 0.000272989s, CPU 0s)
Info    : 9154 nodes 27642 elements
Info    : Removing duplicate mesh nodes...
Info    : Found 96 duplicate nodes 
Info    : Removed 96 duplicate mesh nodes
Info    : Done removing duplicate mesh nodes
Info    : Done reading 'meshes\output_mergefac_0.66_clean_lc_80.geo'
Info    : Writing 'meshes\output_mergefac_0.66_clean_lc_80.msh'...
Info    : Done writing 'meshes\output_mergefac_0.66_clean_lc_80.msh'
Info    : Stopped on Wed Oct 08 14:49:58 2025 (From start: Wall 0.434484s, CPU 0.3125s)
